<html>
<body>
<pre>
<h1>µVision Build Log</h1>
<h2>Tool Versions:</h2>
IDE-Version: ¦ÌVision V5.34.0.0
Copyright (C) 2021 ARM Ltd and ARM Germany GmbH. All rights reserved.
License Information:  ,  , LIC=0VRJ7-ERVB5-8YKVV-PYHI0-F78GV-C9R1T
 
Tool Versions:
Toolchain:       MDK-ARM Professional  Version: 5.34.0.0
Toolchain Path:  D:\Software\KEILL5\ARM\ARMCC\Bin
C Compiler:      Armcc.exe V5.06 update 7 (build 960)
Assembler:       Armasm.exe V5.06 update 7 (build 960)
Linker/Locator:  ArmLink.exe V5.06 update 7 (build 960)
Library Manager: ArmAr.exe V5.06 update 7 (build 960)
Hex Converter:   FromElf.exe V5.06 update 7 (build 960)
CPU DLL:         SARMCM3.DLL V5.34.0.0
Dialog DLL:      DARMSTM.DLL V1.68.0.0
Target DLL:      STLink\ST-LINKIII-KEIL_SWO.dll V3.0.8.0
Dialog DLL:      TARMSTM.DLL V1.66.0.0
 
<h2>Project:</h2>
D:\STM32\SmartDoor\Stm32F103Free_OLED\USER\FreeRTOS.uvprojx
Project File Date:  08/13/2024

<h2>Output:</h2>
*** Using Compiler 'V5.06 update 7 (build 960)', folder: 'D:\Software\KEILL5\ARM\ARMCC\Bin'
Rebuild target 'FreeRTOS'
compiling esp8266.c...
compiling server.c...
compiling rc522.c...
compiling beep.c...
compiling system_stm32f10x.c...
compiling main.c...
main.c(142): warning:  #177-D: variable "str"  was declared but never referenced
  	char *str;
main.c(460): warning:  #177-D: variable "EventValue"  was declared but never referenced
  	EventBits_t EventValue;
main.c(501): warning:  #177-D: variable "x"  was declared but never referenced
  	u8 x;
main.c: 3 warnings, 0 errors
compiling stm32f10x_it.c...
compiling key.c...
compiling timer.c...
compiling led.c...
compiling usart3.c...
compiling myusart.c...
..\HARDWARE\MYUSART\myusart.c(79): warning:  #223-D: function "memset" declared implicitly
  					 memset(USART4_RX_BUF,USART4_REC_LEN,0);
..\HARDWARE\MYUSART\myusart.c: 1 warning, 0 errors
compiling usart2.c...
compiling as608.c...
compiling oled.c...
compiling delay.c...
assembling startup_stm32f10x_hd.s...
compiling sys.c...
compiling usart.c...
compiling core_cm3.c...
compiling stm32f10x_dbgmcu.c...
compiling misc.c...
compiling stm32f10x_gpio.c...
compiling stm32f10x_usart.c...
compiling stm32f10x_rcc.c...
compiling stm32f10x_tim.c...
compiling croutine.c...
compiling event_groups.c...
compiling list.c...
compiling queue.c...
compiling heap_4.c...
compiling timers.c...
compiling tasks.c...
compiling port.c...
linking...
Program Size: Code=20904 RO-data=8724 RW-data=1504 ZI-data=26520  
FromELF: creating hex file...
"..\OBJ\LED.axf" - 0 Error(s), 4 Warning(s).

<h2>Software Packages used:</h2>

Package Vendor: Keil
                http://www.keil.com/pack/Keil.STM32F1xx_DFP.2.3.0.pack
                Keil.STM32F1xx_DFP.2.3.0
                STMicroelectronics STM32F1 Series Device Support, Drivers and Examples

<h2>Collection of Component include folders:</h2>
  C:\Users\25643\AppData\Local\Arm\Packs\Keil\STM32F1xx_DFP\2.3.0\Device\Include

<h2>Collection of Component Files used:</h2>
Build Time Elapsed:  00:00:02
</pre>
</body>
</html>
