Component: ARM Compiler 5.06 update 7 (build 960) Tool: armlink [4d3601]

==============================================================================

Section Cross References

    main.o(i.AS608_task) refers to main.o(i.press_FR) for press_FR
    main.o(i.AS608_task) refers to tasks.o(i.vTaskDelay) for vTaskDelay
    main.o(i.Server_Start) refers to stm32f10x_tim.o(i.TIM_SetCompare1) for TIM_SetCompare1
    main.o(i.Server_Start) refers to delay.o(i.delay_ms) for delay_ms
    main.o(i.bluetooth_task) refers to oled.o(i.OLED_Clear) for OLED_Clear
    main.o(i.bluetooth_task) refers to main.o(i.oped_ok) for oped_ok
    main.o(i.bluetooth_task) refers to tasks.o(i.vTaskDelay) for vTaskDelay
    main.o(i.bluetooth_task) refers to myusart.o(.data) for Open_door
    main.o(i.bluetooth_task) refers to main.o(.data) for .data
    main.o(i.button_task) refers to rt_memclr_w.o(.text) for __aeabi_memclr4
    main.o(i.button_task) refers to rt_memcpy_w.o(.text) for __aeabi_memcpy4
    main.o(i.button_task) refers to tasks.o(i.vTaskDelay) for vTaskDelay
    main.o(i.button_task) refers to key.o(i.GetMatrixKeyValue) for GetMatrixKeyValue
    main.o(i.button_task) refers to oled.o(i.OLED_Clear) for OLED_Clear
    main.o(i.button_task) refers to key.o(i.key_oled) for key_oled
    main.o(i.button_task) refers to oled.o(i.OLED_ShowChar) for OLED_ShowChar
    main.o(i.button_task) refers to oled.o(i.OLED_Refresh) for OLED_Refresh
    main.o(i.button_task) refers to main.o(i.open_error) for open_error
    main.o(i.button_task) refers to delay.o(i.delay_ms) for delay_ms
    main.o(i.button_task) refers to main.o(i.zhu_1) for zhu_1
    main.o(i.button_task) refers to tasks.o(i.xTaskGetTickCount) for xTaskGetTickCount
    main.o(i.button_task) refers to timers.o(i.xTimerGenericCommand) for xTimerGenericCommand
    main.o(i.button_task) refers to main.o(i.oped_ok) for oped_ok
    main.o(i.button_task) refers to event_groups.o(i.xEventGroupSetBits) for xEventGroupSetBits
    main.o(i.button_task) refers to main.o(.constdata) for .constdata
    main.o(i.button_task) refers to main.o(.data) for .data
    main.o(i.dht11_show) refers to oled.o(i.OLED_ShowPicture) for OLED_ShowPicture
    main.o(i.dht11_show) refers to oled.o(i.OLED_ShowChinese) for OLED_ShowChinese
    main.o(i.dht11_show) refers to oled.o(i.OLED_ShowString) for OLED_ShowString
    main.o(i.dht11_show) refers to oled.o(i.OLED_ShowNum) for OLED_ShowNum
    main.o(i.dht11_show) refers to oled.o(i.OLED_Refresh) for OLED_Refresh
    main.o(i.dht11_show) refers to main.o(.data) for .data
    main.o(i.esp8266_task) refers to _printf_percent.o(.ARM.Collect$$_printf_percent$$00000000) for _printf_percent
    main.o(i.esp8266_task) refers to _printf_s.o(.ARM.Collect$$_printf_percent$$00000014) for _printf_s
    main.o(i.esp8266_task) refers to _printf_str.o(.text) for _printf_str
    main.o(i.esp8266_task) refers to __2printf.o(.text) for __2printf
    main.o(i.esp8266_task) refers to __2sprintf.o(.text) for __2sprintf
    main.o(i.esp8266_task) refers to strstr.o(.text) for strstr
    main.o(i.esp8266_task) refers to stm32f10x_gpio.o(i.GPIO_ResetBits) for GPIO_ResetBits
    main.o(i.esp8266_task) refers to stm32f10x_gpio.o(i.GPIO_SetBits) for GPIO_SetBits
    main.o(i.esp8266_task) refers to stm32f10x_tim.o(i.TIM_SetCompare1) for TIM_SetCompare1
    main.o(i.esp8266_task) refers to tasks.o(i.vTaskDelay) for vTaskDelay
    main.o(i.esp8266_task) refers to usart3.o(.data) for USART3_RX_STA
    main.o(i.esp8266_task) refers to usart3.o(.bss) for USART3_RX_BUF
    main.o(i.eventgroup_task) refers to main.o(i.Server_Start) for Server_Start
    main.o(i.eventgroup_task) refers to tasks.o(i.vTaskDelay) for vTaskDelay
    main.o(i.eventgroup_task) refers to main.o(.data) for .data
    main.o(i.main) refers to delay.o(i.delay_init) for delay_init
    main.o(i.main) refers to usart.o(i.uart_init) for uart_init
    main.o(i.main) refers to misc.o(i.NVIC_PriorityGroupConfig) for NVIC_PriorityGroupConfig
    main.o(i.main) refers to myusart.o(i.uart4_init) for uart4_init
    main.o(i.main) refers to server.o(i.TIM8_PWM_Init) for TIM8_PWM_Init
    main.o(i.main) refers to usart2.o(i.usart2_init) for usart2_init
    main.o(i.main) refers to as608.o(i.PS_StaGPIO_Init) for PS_StaGPIO_Init
    main.o(i.main) refers to delay.o(i.delay_ms) for delay_ms
    main.o(i.main) refers to as608.o(i.PS_HandShake) for PS_HandShake
    main.o(i.main) refers to as608.o(i.PS_ValidTempleteNum) for PS_ValidTempleteNum
    main.o(i.main) refers to as608.o(i.PS_ReadSysPara) for PS_ReadSysPara
    main.o(i.main) refers to oled.o(i.OLED_Init) for OLED_Init
    main.o(i.main) refers to oled.o(i.OLED_ColorTurn) for OLED_ColorTurn
    main.o(i.main) refers to oled.o(i.OLED_DisplayTurn) for OLED_DisplayTurn
    main.o(i.main) refers to rc522.o(i.RC522_Init) for RC522_Init
    main.o(i.main) refers to main.o(i.oled_start) for oled_start
    main.o(i.main) refers to main.o(i.zhu_1) for zhu_1
[...]
    i.vPortValidateInterruptPriority         0x08003f6c   Section        0  port.o(i.vPortValidateInterruptPriority)
    i.vQueueAddToRegistry                    0x08003ff8   Section        0  queue.o(i.vQueueAddToRegistry)
    i.vQueueWaitForMessageRestricted         0x0800401c   Section        0  queue.o(i.vQueueWaitForMessageRestricted)
    i.vTaskDelay                             0x08004060   Section        0  tasks.o(i.vTaskDelay)
    i.vTaskDelete                            0x080040cc   Section        0  tasks.o(i.vTaskDelete)
    i.vTaskMissedYield                       0x08004198   Section        0  tasks.o(i.vTaskMissedYield)
    i.vTaskPlaceOnEventList                  0x080041a4   Section        0  tasks.o(i.vTaskPlaceOnEventList)
    i.vTaskPlaceOnEventListRestricted        0x080041f8   Section        0  tasks.o(i.vTaskPlaceOnEventListRestricted)
    i.vTaskPlaceOnUnorderedEventList         0x08004254   Section        0  tasks.o(i.vTaskPlaceOnUnorderedEventList)
    i.vTaskPriorityInherit                   0x080042c4   Section        0  tasks.o(i.vTaskPriorityInherit)
    i.vTaskSetTimeOutState                   0x08004348   Section        0  tasks.o(i.vTaskSetTimeOutState)
    i.vTaskStartScheduler                    0x08004390   Section        0  tasks.o(i.vTaskStartScheduler)
    i.vTaskSuspendAll                        0x08004424   Section        0  tasks.o(i.vTaskSuspendAll)
    i.vTaskSwitchContext                     0x08004434   Section        0  tasks.o(i.vTaskSwitchContext)
    i.xEventGroupCreate                      0x080044b0   Section        0  event_groups.o(i.xEventGroupCreate)
    i.xEventGroupSetBits                     0x080044cc   Section        0  event_groups.o(i.xEventGroupSetBits)
    i.xEventGroupWaitBits                    0x0800457c   Section        0  event_groups.o(i.xEventGroupWaitBits)
    i.xPortStartScheduler                    0x0800469c   Section        0  port.o(i.xPortStartScheduler)
    i.xPortSysTickHandler                    0x08004714   Section        0  port.o(i.xPortSysTickHandler)
    i.xQueueGenericCreate                    0x08004740   Section        0  queue.o(i.xQueueGenericCreate)
    i.xQueueGenericReceive                   0x080047b8   Section        0  queue.o(i.xQueueGenericReceive)
    i.xQueueGenericReset                     0x0800493c   Section        0  queue.o(i.xQueueGenericReset)
    i.xQueueGenericSend                      0x080049e4   Section        0  queue.o(i.xQueueGenericSend)
    i.xQueueGenericSendFromISR               0x08004b6c   Section        0  queue.o(i.xQueueGenericSendFromISR)
    i.xTaskCheckForTimeOut                   0x08004c4c   Section        0  tasks.o(i.xTaskCheckForTimeOut)
    i.xTaskCreate                            0x08004cd4   Section        0  tasks.o(i.xTaskCreate)
    i.xTaskGetSchedulerState                 0x08004d2c   Section        0  tasks.o(i.xTaskGetSchedulerState)
    i.xTaskGetTickCount                      0x08004d48   Section        0  tasks.o(i.xTaskGetTickCount)
    i.xTaskIncrementTick                     0x08004d54   Section        0  tasks.o(i.xTaskIncrementTick)
    i.xTaskPriorityDisinherit                0x08004e3c   Section        0  tasks.o(i.xTaskPriorityDisinherit)
    i.xTaskRemoveFromEventList               0x08004ef0   Section        0  tasks.o(i.xTaskRemoveFromEventList)
    i.xTaskRemoveFromUnorderedEventList      0x08004f88   Section        0  tasks.o(i.xTaskRemoveFromUnorderedEventList)
    i.xTaskResumeAll                         0x08005020   Section        0  tasks.o(i.xTaskResumeAll)
    i.xTimerCreate                           0x08005104   Section        0  timers.o(i.xTimerCreate)
    i.xTimerCreateTimerTask                  0x08005178   Section        0  timers.o(i.xTimerCreateTimerTask)
    i.xTimerGenericCommand                   0x080051ec   Section        0  timers.o(i.xTimerGenericCommand)
    i.zhu_1                                  0x0800527c   Section        0  main.o(i.zhu_1)
    .constdata                               0x080052d8   Section       24  main.o(.constdata)
    .constdata                               0x080052f0   Section     8304  oled.o(.constdata)
    .constdata                               0x08007360   Section       40  _printf_hex_int_ll_ptr.o(.constdata)
    uc_hextab                                0x08007360   Data          20  _printf_hex_int_ll_ptr.o(.constdata)
    lc_hextab                                0x08007374   Data          20  _printf_hex_int_ll_ptr.o(.constdata)
    .constdata                               0x08007388   Section       17  __printf_flags_ss_wp.o(.constdata)
    maptable                                 0x08007388   Data          17  __printf_flags_ss_wp.o(.constdata)
    .data                                    0x20000000   Section     1324  main.o(.data)
    .data                                    0x2000052c   Section       20  system_stm32f10x.o(.data)
    .data                                    0x20000540   Section        4  myusart.o(.data)
    .data                                    0x20000544   Section        2  usart3.o(.data)
    .data                                    0x20000548   Section        4  as608.o(.data)
    .data                                    0x2000054c   Section        2  usart2.o(.data)
    .data                                    0x2000054e   Section        4  delay.o(.data)
    fac_us                                   0x2000054e   Data           1  delay.o(.data)
    fac_ms                                   0x20000550   Data           2  delay.o(.data)
    .data                                    0x20000552   Section        2  usart.o(.data)
    .data                                    0x20000554   Section        4  usart.o(.data)
    .data                                    0x20000558   Section       20  stm32f10x_rcc.o(.data)
    ADCPrescTable                            0x20000558   Data           4  stm32f10x_rcc.o(.data)
    APBAHBPrescTable                         0x2000055c   Data          16  stm32f10x_rcc.o(.data)
    .data                                    0x2000056c   Section       60  tasks.o(.data)
    uxDeletedTasksWaitingCleanUp             0x20000570   Data           4  tasks.o(.data)
    uxCurrentNumberOfTasks                   0x20000574   Data           4  tasks.o(.data)
    xTickCount                               0x20000578   Data           4  tasks.o(.data)
    uxTopReadyPriority                       0x2000057c   Data           4  tasks.o(.data)
    xSchedulerRunning                        0x20000580   Data           4  tasks.o(.data)
    uxPendedTicks                            0x20000584   Data           4  tasks.o(.data)
    xYieldPending                            0x20000588   Data           4  tasks.o(.data)
    xNumOfOverflows                          0x2000058c   Data           4  tasks.o(.data)
    uxTaskNumber                             0x20000590   Data           4  tasks.o(.data)
    xNextTaskUnblockTime                     0x20000594   Data           4  tasks.o(.data)
    xIdleTaskHandle                          0x20000598   Data           4  tasks.o(.data)
    uxSchedulerSuspended                     0x2000059c   Data           4  tasks.o(.data)
    pxDelayedTaskList                        0x200005a0   Data           4  tasks.o(.data)
    pxOverflowDelayedTaskList                0x200005a4   Data           4  tasks.o(.data)
    .data                                    0x200005a8   Section       20  timers.o(.data)
    xTimerQueue                              0x200005a8   Data           4  timers.o(.data)
    xTimerTaskHandle                         0x200005ac   Data           4  timers.o(.data)
    xLastTime                                0x200005b0   Data           4  timers.o(.data)
    pxCurrentTimerList                       0x200005b4   Data           4  timers.o(.data)
    pxOverflowTimerList                      0x200005b8   Data           4  timers.o(.data)
    .data                                    0x200005bc   Section       24  heap_4.o(.data)
    pxEnd                                    0x200005bc   Data           4  heap_4.o(.data)
    xFreeBytesRemaining                      0x200005c0   Data           4  heap_4.o(.data)
    xMinimumEverFreeBytesRemaining           0x200005c4   Data           4  heap_4.o(.data)
    xBlockAllocatedBit                       0x200005c8   Data           4  heap_4.o(.data)
    xStart                                   0x200005cc   Data           8  heap_4.o(.data)
    .data                                    0x200005d4   Section       12  port.o(.data)
    ucMaxSysCallPriority                     0x200005d4   Data           1  port.o(.data)
    uxCriticalNesting                        0x200005d8   Data           4  port.o(.data)
    ulMaxPRIGROUPValue                       0x200005dc   Data           4  port.o(.data)
    .bss                                     0x200005e0   Section       12  main.o(.bss)
    .bss                                     0x200005ec   Section     1152  oled.o(.bss)
    .bss                                     0x20000a6c   Section      200  myusart.o(.bss)
    .bss                                     0x20000b34   Section     1200  usart3.o(.bss)
    .bss                                     0x20000fe4   Section      800  usart2.o(.bss)
    .bss                                     0x20001304   Section      200  usart.o(.bss)
    .bss                                     0x200013cc   Section       64  queue.o(.bss)
    .bss                                     0x2000140c   Section      740  tasks.o(.bss)
    pxReadyTasksLists                        0x2000140c   Data         640  tasks.o(.bss)
    xDelayedTaskList1                        0x2000168c   Data          20  tasks.o(.bss)
    xDelayedTaskList2                        0x200016a0   Data          20  tasks.o(.bss)
    xPendingReadyList                        0x200016b4   Data          20  tasks.o(.bss)
    xTasksWaitingTermination                 0x200016c8   Data          20  tasks.o(.bss)
    xSuspendedTaskList                       0x200016dc   Data          20  tasks.o(.bss)
    .bss                                     0x200016f0   Section       40  timers.o(.bss)
    xActiveTimerList1                        0x200016f0   Data          20  timers.o(.bss)
    xActiveTimerList2                        0x20001704   Data          20  timers.o(.bss)
    .bss                                     0x20001718   Section    20480  heap_4.o(.bss)
    ucHeap                                   0x20001718   Data       20480  heap_4.o(.bss)
    .bss                                     0x20006718   Section       96  libspace.o(.bss)
    HEAP                                     0x20006778   Section      512  startup_stm32f10x_hd.o(HEAP)
    Heap_Mem                                 0x20006778   Data         512  startup_stm32f10x_hd.o(HEAP)
    STACK                                    0x20006978   Section     1024  startup_stm32f10x_hd.o(STACK)
    Stack_Mem                                0x20006978   Data        1024  startup_stm32f10x_hd.o(STACK)
    __initial_sp                             0x20006d78   Data           0  startup_stm32f10x_hd.o(STACK)

    Global Symbols

    Symbol Name                              Value     Ov Type        Size  Object(Section)

    BuildAttributes$$THM_ISAv4$P$D$K$B$S$PE$A:L22UL41UL21$X:L11$S22US41US21$IEEE1$IW$USESV6$~STKCKD$USESV7$~SHL$OTIME$ROPI$IEEEJ$EBA8$UX$STANDARDLIB$REQ8$PRES8$EABIv2 0x00000000   Number         0  anon$$obj.o ABSOLUTE
    __ARM_use_no_argv                        0x00000000   Number         0  main.o ABSOLUTE
    _printf_flags                            0x00000000   Number         0  printf_stubs.o ABSOLUTE
    _printf_return_value                     0x00000000   Number         0  printf_stubs.o ABSOLUTE
    _printf_sizespec                         0x00000000   Number         0  printf_stubs.o ABSOLUTE
    _printf_widthprec                        0x00000000   Number         0  printf_stubs.o ABSOLUTE
    __ARM_exceptions_init                     - Undefined Weak Reference
    __alloca_initialize                       - Undefined Weak Reference
    __arm_fini_                               - Undefined Weak Reference
    __arm_preinit_                            - Undefined Weak Reference
    __cpp_initialize__aeabi_                  - Undefined Weak Reference
    __cxa_finalize                            - Undefined Weak Reference
    __sigvec_lookup                           - Undefined Weak Reference
    _atexit_init                              - Undefined Weak Reference
    _call_atexit_fns                          - Undefined Weak Reference
    _clock_init                               - Undefined Weak Reference
    _fp_trap_init                             - Undefined Weak Reference
    _fp_trap_shutdown                         - Undefined Weak Reference
    _get_lc_collate                           - Undefined Weak Reference
    _get_lc_monetary                          - Undefined Weak Reference
    _get_lc_time                              - Undefined Weak Reference
    _getenv_init                              - Undefined Weak Reference
    _handle_redirection                       - Undefined Weak Reference
    _init_alloc                               - Undefined Weak Reference
    _init_user_alloc                          - Undefined Weak Reference
    _initio                                   - Undefined Weak Reference
    _mutex_acquire                            - Undefined Weak Reference
    _mutex_release                            - Undefined Weak Reference
    _printf_fp_hex                            - Undefined Weak Reference
    _printf_mbtowc                            - Undefined Weak Reference
    _printf_wc                                - Undefined Weak Reference
    _rand_init                                - Undefined Weak Reference
    _signal_finish                            - Undefined Weak Reference
    _signal_init                              - Undefined Weak Reference
    _terminate_alloc                          - Undefined Weak Reference
    _terminate_user_alloc                     - Undefined Weak Reference
    _terminateio                              - Undefined Weak Reference
    __Vectors_Size                           0x00000130   Number         0  startup_stm32f10x_hd.o ABSOLUTE
    __Vectors                                0x08000000   Data           4  startup_stm32f10x_hd.o(RESET)
    __Vectors_End                            0x08000130   Data           0  startup_stm32f10x_hd.o(RESET)
    __main                                   0x08000131   Thumb Code     8  __main.o(!!!main)
    __scatterload                            0x08000139   Thumb Code     0  __scatter.o(!!!scatter)
    __scatterload_rt2                        0x08000139   Thumb Code    44  __scatter.o(!!!scatter)
    __scatterload_rt2_thumb_only             0x08000139   Thumb Code     0  __scatter.o(!!!scatter)
    __scatterload_null                       0x08000147   Thumb Code     0  __scatter.o(!!!scatter)
    __decompress                             0x0800016d   Thumb Code    90  __dczerorl2.o(!!dczerorl2)
    __decompress1                            0x0800016d   Thumb Code     0  __dczerorl2.o(!!dczerorl2)
    __scatterload_zeroinit                   0x080001c9   Thumb Code    28  __scatter_zi.o(!!handler_zi)
    _printf_d                                0x080001e5   Thumb Code     0  _printf_d.o(.ARM.Collect$$_printf_percent$$00000009)
    _printf_percent                          0x080001e5   Thumb Code     0  _printf_percent.o(.ARM.Collect$$_printf_percent$$00000000)
    _printf_x                                0x080001eb   Thumb Code     0  _printf_x.o(.ARM.Collect$$_printf_percent$$0000000C)
    _printf_s                                0x080001f1   Thumb Code     0  _printf_s.o(.ARM.Collect$$_printf_percent$$00000014)
    _printf_percent_end                      0x080001f7   Thumb Code     0  _printf_percent_end.o(.ARM.Collect$$_printf_percent$$00000017)
    __rt_lib_init                            0x080001fb   Thumb Code     0  libinit.o(.ARM.Collect$$libinit$$00000000)
    __rt_lib_init_alloca_1                   0x080001fd   Thumb Code     0  libinit2.o(.ARM.Collect$$libinit$$0000002E)
    __rt_lib_init_argv_1                     0x080001fd   Thumb Code     0  libinit2.o(.ARM.Collect$$libinit$$0000002C)
    __rt_lib_init_atexit_1                   0x080001fd   Thumb Code     0  libinit2.o(.ARM.Collect$$libinit$$0000001B)
    __rt_lib_init_clock_1                    0x080001fd   Thumb Code     0  libinit2.o(.ARM.Collect$$libinit$$00000021)
    __rt_lib_init_cpp_1                      0x080001fd   Thumb Code     0  libinit2.o(.ARM.Collect$$libinit$$00000032)
    __rt_lib_init_exceptions_1               0x080001fd   Thumb Code     0  libinit2.o(.ARM.Collect$$libinit$$00000030)
    __rt_lib_init_fp_1                       0x080001fd   Thumb Code     0  libinit2.o(.ARM.Collect$$libinit$$00000002)
    __rt_lib_init_fp_trap_1                  0x080001fd   Thumb Code     0  libinit2.o(.ARM.Collect$$libinit$$0000001F)
    __rt_lib_init_getenv_1                   0x080001fd   Thumb Code     0  libinit2.o(.ARM.Collect$$libinit$$00000023)
    __rt_lib_init_heap_1                     0x080001fd   Thumb Code     0  libinit2.o(.ARM.Collect$$libinit$$0000000A)
    __rt_lib_init_lc_collate_1               0x080001fd   Thumb Code     0  libinit2.o(.ARM.Collect$$libinit$$00000011)
    __rt_lib_init_lc_ctype_1                 0x080001fd   Thumb Code     0  libinit2.o(.ARM.Collect$$libinit$$00000013)
    __rt_lib_init_lc_monetary_1              0x080001fd   Thumb Code     0  libinit2.o(.ARM.Collect$$libinit$$00000015)
    __rt_lib_init_lc_numeric_1               0x080001fd   Thumb Code     0  libinit2.o(.ARM.Collect$$libinit$$00000017)
    __rt_lib_init_lc_time_1                  0x080001fd   Thumb Code     0  libinit2.o(.ARM.Collect$$libinit$$00000019)
    __rt_lib_init_preinit_1                  0x080001fd   Thumb Code     0  libinit2.o(.ARM.Collect$$libinit$$00000004)
    __rt_lib_init_rand_1                     0x080001fd   Thumb Code     0  libinit2.o(.ARM.Collect$$libinit$$0000000E)
    __rt_lib_init_return                     0x080001fd   Thumb Code     0  libinit2.o(.ARM.Collect$$libinit$$00000033)
    __rt_lib_init_signal_1                   0x080001fd   Thumb Code     0  libinit2.o(.ARM.Collect$$libinit$$0000001D)
    __rt_lib_init_stdio_1                    0x080001fd   Thumb Code     0  libinit2.o(.ARM.Collect$$libinit$$00000025)
    __rt_lib_init_user_alloc_1               0x080001fd   Thumb Code     0  libinit2.o(.ARM.Collect$$libinit$$0000000C)
    __rt_lib_shutdown                        0x080001ff   Thumb Code     0  libshutdown.o(.ARM.Collect$$libshutdown$$00000000)
    __rt_lib_shutdown_cpp_1                  0x08000201   Thumb Code     0  libshutdown2.o(.ARM.Collect$$libshutdown$$00000004)
    __rt_lib_shutdown_fini_1                 0x08000201   Thumb Code     0  libshutdown2.o(.ARM.Collect$$libshutdown$$00000002)
    __rt_lib_shutdown_fp_trap_1              0x08000201   Thumb Code     0  libshutdown2.o(.ARM.Collect$$libshutdown$$00000009)
    __rt_lib_shutdown_heap_1                 0x08000201   Thumb Code     0  libshutdown2.o(.ARM.Collect$$libshutdown$$00000011)
    __rt_lib_shutdown_return                 0x08000201   Thumb Code     0  libshutdown2.o(.ARM.Collect$$libshutdown$$00000012)
    __rt_lib_shutdown_signal_1               0x08000201   Thumb Code     0  libshutdown2.o(.ARM.Collect$$libshutdown$$0000000C)
    __rt_lib_shutdown_stdio_1                0x08000201   Thumb Code     0  libshutdown2.o(.ARM.Collect$$libshutdown$$00000006)
    __rt_lib_shutdown_user_alloc_1           0x08000201   Thumb Code     0  libshutdown2.o(.ARM.Collect$$libshutdown$$0000000E)
    __rt_entry                               0x08000203   Thumb Code     0  __rtentry.o(.ARM.Collect$$rtentry$$00000000)
    __rt_entry_presh_1                       0x08000203   Thumb Code     0  __rtentry2.o(.ARM.Collect$$rtentry$$00000002)
    __rt_entry_sh                            0x08000203   Thumb Code     0  __rtentry4.o(.ARM.Collect$$rtentry$$00000004)
    __rt_entry_li                            0x08000209   Thumb Code     0  __rtentry2.o(.ARM.Collect$$rtentry$$0000000A)
    __rt_entry_postsh_1                      0x08000209   Thumb Code     0  __rtentry2.o(.ARM.Collect$$rtentry$$00000009)
    __rt_entry_main                          0x0800020d   Thumb Code     0  __rtentry2.o(.ARM.Collect$$rtentry$$0000000D)
    __rt_entry_postli_1                      0x0800020d   Thumb Code     0  __rtentry2.o(.ARM.Collect$$rtentry$$0000000C)
    __rt_exit                                0x08000215   Thumb Code     0  rtexit.o(.ARM.Collect$$rtexit$$00000000)
    __rt_exit_ls                             0x08000217   Thumb Code     0  rtexit2.o(.ARM.Collect$$rtexit$$00000003)
    __rt_exit_prels_1                        0x08000217   Thumb Code     0  rtexit2.o(.ARM.Collect$$rtexit$$00000002)
    __rt_exit_exit                           0x0800021b   Thumb Code     0  rtexit2.o(.ARM.Collect$$rtexit$$00000004)
    SVC_Handler                              0x08000221   Thumb Code    32  port.o(.emb_text)
    __asm___6_port_c_39a90d8d__prvStartFirstTask 0x08000245   Thumb Code    28  port.o(.emb_text)
    PendSV_Handler                           0x08000265   Thumb Code    72  port.o(.emb_text)
    vPortGetIPSR                             0x080002b1   Thumb Code     6  port.o(.emb_text)
    Reset_Handler                            0x080002b9   Thumb Code     8  startup_stm32f10x_hd.o(.text)
    ADC1_2_IRQHandler                        0x080002d3   Thumb Code     0  startup_stm32f10x_hd.o(.text)
    ADC3_IRQHandler                          0x080002d3   Thumb Code     0  startup_stm32f10x_hd.o(.text)
    CAN1_RX1_IRQHandler                      0x080002d3   Thumb Code     0  startup_stm32f10x_hd.o(.text)
    CAN1_SCE_IRQHandler                      0x080002d3   Thumb Code     0  startup_stm32f10x_hd.o(.text)
    DMA1_Channel1_IRQHandler                 0x080002d3   Thumb Code     0  startup_stm32f10x_hd.o(.text)
    DMA1_Channel2_IRQHandler                 0x080002d3   Thumb Code     0  startup_stm32f10x_hd.o(.text)
    DMA1_Channel3_IRQHandler                 0x080002d3   Thumb Code     0  startup_stm32f10x_hd.o(.text)
    DMA1_Channel4_IRQHandler                 0x080002d3   Thumb Code     0  startup_stm32f10x_hd.o(.text)
    DMA1_Channel5_IRQHandler                 0x080002d3   Thumb Code     0  startup_stm32f10x_hd.o(.text)
    DMA1_Channel6_IRQHandler                 0x080002d3   Thumb Code     0  startup_stm32f10x_hd.o(.text)
    DMA1_Channel7_IRQHandler                 0x080002d3   Thumb Code     0  startup_stm32f10x_hd.o(.text)
    DMA2_Channel1_IRQHandler                 0x080002d3   Thumb Code     0  startup_stm32f10x_hd.o(.text)
    DMA2_Channel2_IRQHandler                 0x080002d3   Thumb Code     0  startup_stm32f10x_hd.o(.text)
    DMA2_Channel3_IRQHandler                 0x080002d3   Thumb Code     0  startup_stm32f10x_hd.o(.text)
    DMA2_Channel4_5_IRQHandler               0x080002d3   Thumb Code     0  startup_stm32f10x_hd.o(.text)
    EXTI0_IRQHandler                         0x080002d3   Thumb Code     0  startup_stm32f10x_hd.o(.text)
    EXTI15_10_IRQHandler                     0x080002d3   Thumb Code     0  startup_stm32f10x_hd.o(.text)
    EXTI1_IRQHandler                         0x080002d3   Thumb Code     0  startup_stm32f10x_hd.o(.text)
    EXTI2_IRQHandler                         0x080002d3   Thumb Code     0  startup_stm32f10x_hd.o(.text)
    EXTI3_IRQHandler                         0x080002d3   Thumb Code     0  startup_stm32f10x_hd.o(.text)
    EXTI4_IRQHandler                         0x080002d3   Thumb Code     0  startup_stm32f10x_hd.o(.text)
    EXTI9_5_IRQHandler                       0x080002d3   Thumb Code     0  startup_stm32f10x_hd.o(.text)
    FLASH_IRQHandler                         0x080002d3   Thumb Code     0  startup_stm32f10x_hd.o(.text)
    FSMC_IRQHandler                          0x080002d3   Thumb Code     0  startup_stm32f10x_hd.o(.text)
    I2C1_ER_IRQHandler                       0x080002d3   Thumb Code     0  startup_stm32f10x_hd.o(.text)
    I2C1_EV_IRQHandler                       0x080002d3   Thumb Code     0  startup_stm32f10x_hd.o(.text)
    I2C2_ER_IRQHandler                       0x080002d3   Thumb Code     0  startup_stm32f10x_hd.o(.text)
    I2C2_EV_IRQHandler                       0x080002d3   Thumb Code     0  startup_stm32f10x_hd.o(.text)
    PVD_IRQHandler                           0x080002d3   Thumb Code     0  startup_stm32f10x_hd.o(.text)
    RCC_IRQHandler                           0x080002d3   Thumb Code     0  startup_stm32f10x_hd.o(.text)
    RTCAlarm_IRQHandler                      0x080002d3   Thumb Code     0  startup_stm32f10x_hd.o(.text)
    RTC_IRQHandler                           0x080002d3   Thumb Code     0  startup_stm32f10x_hd.o(.text)
    SDIO_IRQHandler                          0x080002d3   Thumb Code     0  startup_stm32f10x_hd.o(.text)
    SPI1_IRQHandler                          0x080002d3   Thumb Code     0  startup_stm32f10x_hd.o(.text)
    SPI2_IRQHandler                          0x080002d3   Thumb Code     0  startup_stm32f10x_hd.o(.text)
    SPI3_IRQHandler                          0x080002d3   Thumb Code     0  startup_stm32f10x_hd.o(.text)
    TAMPER_IRQHandler                        0x080002d3   Thumb Code     0  startup_stm32f10x_hd.o(.text)
    TIM1_BRK_IRQHandler                      0x080002d3   Thumb Code     0  startup_stm32f10x_hd.o(.text)
    TIM1_CC_IRQHandler                       0x080002d3   Thumb Code     0  startup_stm32f10x_hd.o(.text)
    TIM1_TRG_COM_IRQHandler                  0x080002d3   Thumb Code     0  startup_stm32f10x_hd.o(.text)
    TIM1_UP_IRQHandler                       0x080002d3   Thumb Code     0  startup_stm32f10x_hd.o(.text)
    TIM2_IRQHandler                          0x080002d3   Thumb Code     0  startup_stm32f10x_hd.o(.text)
    TIM3_IRQHandler                          0x080002d3   Thumb Code     0  startup_stm32f10x_hd.o(.text)
    TIM4_IRQHandler                          0x080002d3   Thumb Code     0  startup_stm32f10x_hd.o(.text)
    TIM5_IRQHandler                          0x080002d3   Thumb Code     0  startup_stm32f10x_hd.o(.text)
    TIM6_IRQHandler                          0x080002d3   Thumb Code     0  startup_stm32f10x_hd.o(.text)
    TIM8_BRK_IRQHandler                      0x080002d3   Thumb Code     0  startup_stm32f10x_hd.o(.text)
    TIM8_CC_IRQHandler                       0x080002d3   Thumb Code     0  startup_stm32f10x_hd.o(.text)
    TIM8_TRG_COM_IRQHandler                  0x080002d3   Thumb Code     0  startup_stm32f10x_hd.o(.text)
    TIM8_UP_IRQHandler                       0x080002d3   Thumb Code     0  startup_stm32f10x_hd.o(.text)
    UART5_IRQHandler                         0x080002d3   Thumb Code     0  startup_stm32f10x_hd.o(.text)
    USBWakeUp_IRQHandler                     0x080002d3   Thumb Code     0  startup_stm32f10x_hd.o(.text)
    USB_HP_CAN1_TX_IRQHandler                0x080002d3   Thumb Code     0  startup_stm32f10x_hd.o(.text)
    USB_LP_CAN1_RX0_IRQHandler               0x080002d3   Thumb Code     0  startup_stm32f10x_hd.o(.text)
    WWDG_IRQHandler                          0x080002d3   Thumb Code     0  startup_stm32f10x_hd.o(.text)
    __user_initial_stackheap                 0x080002d5   Thumb Code     0  startup_stm32f10x_hd.o(.text)
    __use_no_semihosting                     0x080002f9   Thumb Code     2  use_no_semi_2.o(.text)
    __2printf                                0x080002fd   Thumb Code    20  __2printf.o(.text)
    __2sprintf                               0x08000315   Thumb Code    38  __2sprintf.o(.text)
    _printf_pre_padding                      0x08000341   Thumb Code    44  _printf_pad.o(.text)
    _printf_post_padding                     0x0800036d   Thumb Code    34  _printf_pad.o(.text)
    _printf_str                              0x0800038f   Thumb Code    82  _printf_str.o(.text)
    _printf_int_dec                          0x080003e1   Thumb Code   104  _printf_dec.o(.text)
    _printf_longlong_hex                     0x08000459   Thumb Code    86  _printf_hex_int_ll_ptr.o(.text)
    _printf_int_hex                          0x080004af   Thumb Code    28  _printf_hex_int_ll_ptr.o(.text)
    _printf_ll_hex                           0x080004cb   Thumb Code    12  _printf_hex_int_ll_ptr.o(.text)
    _printf_hex_ptr                          0x080004d7   Thumb Code    18  _printf_hex_int_ll_ptr.o(.text)
    __printf                                 0x080004ed   Thumb Code   388  __printf_flags_ss_wp.o(.text)
    strstr                                   0x08000675   Thumb Code    36  strstr.o(.text)
    __aeabi_memcpy                           0x08000699   Thumb Code     0  rt_memcpy_v6.o(.text)
    __rt_memcpy                              0x08000699   Thumb Code   138  rt_memcpy_v6.o(.text)
    _memcpy_lastbytes                        0x080006ff   Thumb Code     0  rt_memcpy_v6.o(.text)
    __aeabi_memcpy4                          0x08000723   Thumb Code     0  rt_memcpy_w.o(.text)
    __aeabi_memcpy8                          0x08000723   Thumb Code     0  rt_memcpy_w.o(.text)
    __rt_memcpy_w                            0x08000723   Thumb Code   100  rt_memcpy_w.o(.text)
    _memcpy_lastbytes_aligned                0x0800076b   Thumb Code     0  rt_memcpy_w.o(.text)
    __aeabi_memset                           0x08000787   Thumb Code    16  aeabi_memset.o(.text)
    __aeabi_memclr4                          0x08000797   Thumb Code     0  rt_memclr_w.o(.text)
    __aeabi_memclr8                          0x08000797   Thumb Code     0  rt_memclr_w.o(.text)
    __rt_memclr_w                            0x08000797   Thumb Code    78  rt_memclr_w.o(.text)
    _memset_w                                0x0800079b   Thumb Code     0  rt_memclr_w.o(.text)
    __use_two_region_memory                  0x080007e5   Thumb Code     2  heapauxi.o(.text)
    __rt_heap_escrow$2region                 0x080007e7   Thumb Code     2  heapauxi.o(.text)
    __rt_heap_expand$2region                 0x080007e9   Thumb Code     2  heapauxi.o(.text)
    __I$use$semihosting                      0x080007eb   Thumb Code     0  use_no_semi.o(.text)
    __use_no_semihosting_swi                 0x080007eb   Thumb Code     2  use_no_semi.o(.text)
    _printf_int_common                       0x080007ed   Thumb Code   178  _printf_intcommon.o(.text)
    _printf_char_common                      0x080008ab   Thumb Code    32  _printf_char_common.o(.text)
    _sputc                                   0x080008d1   Thumb Code    10  _sputc.o(.text)
    _printf_cs_common                        0x080008db   Thumb Code    20  _printf_char.o(.text)
    _printf_char                             0x080008ef   Thumb Code    16  _printf_char.o(.text)
    _printf_string                           0x080008ff   Thumb Code     8  _printf_char.o(.text)
    _printf_char_file                        0x08000909   Thumb Code    32  _printf_char_file.o(.text)
    __aeabi_memclr                           0x0800092d   Thumb Code     0  rt_memclr.o(.text)
    __rt_memclr                              0x0800092d   Thumb Code    68  rt_memclr.o(.text)
    _memset                                  0x08000931   Thumb Code     0  rt_memclr.o(.text)
    ferror                                   0x08000971   Thumb Code     8  ferror.o(.text)
    __user_setup_stackheap                   0x08000979   Thumb Code    74  sys_stackheap_outer.o(.text)
    exit                                     0x080009c3   Thumb Code    18  exit.o(.text)
    __user_libspace                          0x080009d5   Thumb Code     8  libspace.o(.text)
    __user_perproc_libspace                  0x080009d5   Thumb Code     0  libspace.o(.text)
    __user_perthread_libspace                0x080009d5   Thumb Code     0  libspace.o(.text)
    AS608_task                               0x080009dd   Thumb Code    20  main.o(i.AS608_task)
    BusFault_Handler                         0x080009f5   Thumb Code     2  stm32f10x_it.o(i.BusFault_Handler)
    CalulateCRC                              0x080009f7   Thumb Code   102  rc522.o(i.CalulateCRC)
    ClearBitMask                             0x08000a5d   Thumb Code    24  rc522.o(i.ClearBitMask)
    DebugMon_Handler                         0x08000a75   Thumb Code     2  stm32f10x_it.o(i.DebugMon_Handler)
    EnsureMessage                            0x08000a79   Thumb Code   130  as608.o(i.EnsureMessage)
    GPIO_Init                                0x08000cbd   Thumb Code   156  stm32f10x_gpio.o(i.GPIO_Init)
    GPIO_ReadInputDataBit                    0x08000d59   Thumb Code    14  stm32f10x_gpio.o(i.GPIO_ReadInputDataBit)
    GPIO_ResetBits                           0x08000d67   Thumb Code     4  stm32f10x_gpio.o(i.GPIO_ResetBits)
    GPIO_SetBits                             0x08000d6b   Thumb Code     4  stm32f10x_gpio.o(i.GPIO_SetBits)
    GetMatrixKeyValue                        0x08000d71   Thumb Code   248  key.o(i.GetMatrixKeyValue)
    HardFault_Handler                        0x08000e71   Thumb Code     2  stm32f10x_it.o(i.HardFault_Handler)
    I2C_Start                                0x08000e75   Thumb Code    52  oled.o(i.I2C_Start)
    I2C_Stop                                 0x08000ead   Thumb Code    36  oled.o(i.I2C_Stop)
    I2C_WaitAck                              0x08000ed5   Thumb Code    44  oled.o(i.I2C_WaitAck)
    IIC_delay                                0x08000f05   Thumb Code    10  oled.o(i.IIC_delay)
    M500PcdConfigISOType                     0x08000f81   Thumb Code    86  rc522.o(i.M500PcdConfigISOType)
    MatrixModeConfig                         0x08000fed   Thumb Code   158  key.o(i.MatrixModeConfig)
    MemManage_Handler                        0x0800109d   Thumb Code     2  stm32f10x_it.o(i.MemManage_Handler)
    NMI_Handler                              0x0800109f   Thumb Code     2  stm32f10x_it.o(i.NMI_Handler)
    NVIC_Init                                0x080010a1   Thumb Code    94  misc.o(i.NVIC_Init)
    NVIC_PriorityGroupConfig                 0x08001105   Thumb Code    10  misc.o(i.NVIC_PriorityGroupConfig)
    OLED_Clear                               0x08001119   Thumb Code    38  oled.o(i.OLED_Clear)
    OLED_ColorTurn                           0x08001145   Thumb Code    22  oled.o(i.OLED_ColorTurn)
    OLED_DisplayTurn                         0x0800115b   Thumb Code    44  oled.o(i.OLED_DisplayTurn)
    OLED_DrawLine                            0x08001187   Thumb Code   152  oled.o(i.OLED_DrawLine)
    OLED_DrawPoint                           0x08001221   Thumb Code    40  oled.o(i.OLED_DrawPoint)
    OLED_Init                                0x0800124d   Thumb Code   312  oled.o(i.OLED_Init)
    OLED_Refresh                             0x08001389   Thumb Code    96  oled.o(i.OLED_Refresh)
    OLED_ShowChar                            0x080013ed   Thumb Code   202  oled.o(i.OLED_ShowChar)
    OLED_ShowChinese                         0x080014c9   Thumb Code   180  oled.o(i.OLED_ShowChinese)
    OLED_ShowPicture                         0x08001585   Thumb Code   154  oled.o(i.OLED_ShowPicture)
    OLED_WR_Byte                             0x0800161f   Thumb Code    54  oled.o(i.OLED_WR_Byte)
    PS_GenChar                               0x08001655   Thumb Code    60  as608.o(i.PS_GenChar)
    PS_GetImage                              0x08001691   Thumb Code    52  as608.o(i.PS_GetImage)
    PS_HandShake                             0x080016c5   Thumb Code   100  as608.o(i.PS_HandShake)
    PS_HighSpeedSearch                       0x08001731   Thumb Code   132  as608.o(i.PS_HighSpeedSearch)
    PS_ReadSysPara                           0x080017b5   Thumb Code   152  as608.o(i.PS_ReadSysPara)
    PS_StaGPIO_Init                          0x08001895   Thumb Code    38  as608.o(i.PS_StaGPIO_Init)
    PS_ValidTempleteNum                      0x080018c1   Thumb Code    94  as608.o(i.PS_ValidTempleteNum)
    PcdAntennaOn                             0x0800193d   Thumb Code    26  rc522.o(i.PcdAntennaOn)
    PcdAnticoll                              0x08001957   Thumb Code   106  rc522.o(i.PcdAnticoll)
    PcdAuthState                             0x080019c1   Thumb Code    82  rc522.o(i.PcdAuthState)
    PcdComMF522                              0x08001a13   Thumb Code   280  rc522.o(i.PcdComMF522)
    PcdRequest                               0x08001b2b   Thumb Code    80  rc522.o(i.PcdRequest)
    PcdReset                                 0x08001b7d   Thumb Code   122  rc522.o(i.PcdReset)
    PcdSelect                                0x08001bfd   Thumb Code   100  rc522.o(i.PcdSelect)
    RC522_Init                               0x08001c61   Thumb Code    36  rc522.o(i.RC522_Init)
    RCC_APB1PeriphClockCmd                   0x08001c8d   Thumb Code    18  stm32f10x_rcc.o(i.RCC_APB1PeriphClockCmd)
    RCC_APB1PeriphResetCmd                   0x08001ca5   Thumb Code    18  stm32f10x_rcc.o(i.RCC_APB1PeriphResetCmd)
    RCC_APB2PeriphClockCmd                   0x08001cbd   Thumb Code    18  stm32f10x_rcc.o(i.RCC_APB2PeriphClockCmd)
    RCC_APB2PeriphResetCmd                   0x08001cd5   Thumb Code    18  stm32f10x_rcc.o(i.RCC_APB2PeriphResetCmd)
    RCC_GetClocksFreq                        0x08001ced   Thumb Code   132  stm32f10x_rcc.o(i.RCC_GetClocksFreq)
    ReadRawRC                                0x08001d81   Thumb Code    46  rc522.o(i.ReadRawRC)
    SPI1_Init                                0x08001db5   Thumb Code   128  rc522.o(i.SPI1_Init)
    SPI_RC522_ReadByte                       0x08001e3d   Thumb Code    72  rc522.o(i.SPI_RC522_ReadByte)
    SPI_RC522_SendByte                       0x08001e89   Thumb Code    76  rc522.o(i.SPI_RC522_SendByte)
    Send_Byte                                0x08001f45   Thumb Code    66  oled.o(i.Send_Byte)
    SetBitMask                               0x08001f8d   Thumb Code    24  rc522.o(i.SetBitMask)
    ShowID                                   0x0800204d   Thumb Code    76  rc522.o(i.ShowID)
    SysTick_CLKSourceConfig                  0x080020a5   Thumb Code    24  misc.o(i.SysTick_CLKSourceConfig)
    SysTick_Handler                          0x080020bd   Thumb Code    20  delay.o(i.SysTick_Handler)
    SystemInit                               0x080020d1   Thumb Code    64  system_stm32f10x.o(i.SystemInit)
    TIM7_IRQHandler                          0x08002121   Thumb Code    58  timer.o(i.TIM7_IRQHandler)
    TIM7_Int_Init                            0x08002169   Thumb Code    90  timer.o(i.TIM7_Int_Init)
    TIM8_PWM_Init                            0x080021c9   Thumb Code   146  server.o(i.TIM8_PWM_Init)
    TIM_ClearITPendingBit                    0x08002265   Thumb Code     6  stm32f10x_tim.o(i.TIM_ClearITPendingBit)
    TIM_Cmd                                  0x0800226b   Thumb Code    20  stm32f10x_tim.o(i.TIM_Cmd)
    TIM_CtrlPWMOutputs                       0x0800227f   Thumb Code    22  stm32f10x_tim.o(i.TIM_CtrlPWMOutputs)
    TIM_GetITStatus                          0x08002295   Thumb Code    24  stm32f10x_tim.o(i.TIM_GetITStatus)
    TIM_ITConfig                             0x080022ad   Thumb Code    16  stm32f10x_tim.o(i.TIM_ITConfig)
    TIM_OC1Init                              0x080022bd   Thumb Code   106  stm32f10x_tim.o(i.TIM_OC1Init)
    TIM_OC1PreloadConfig                     0x0800233d   Thumb Code    12  stm32f10x_tim.o(i.TIM_OC1PreloadConfig)
    TIM_SetCompare1                          0x08002349   Thumb Code     4  stm32f10x_tim.o(i.TIM_SetCompare1)
    TIM_SetCounter                           0x0800234d   Thumb Code     4  stm32f10x_tim.o(i.TIM_SetCounter)
    TIM_TimeBaseInit                         0x08002351   Thumb Code   114  stm32f10x_tim.o(i.TIM_TimeBaseInit)
    UART4_IRQHandler                         0x080023ed   Thumb Code    88  myusart.o(i.UART4_IRQHandler)
    USART1_IRQHandler                        0x08002451   Thumb Code    88  usart.o(i.USART1_IRQHandler)
    USART2_IRQHandler                        0x080024b5   Thumb Code    88  usart2.o(i.USART2_IRQHandler)
    USART3_IRQHandler                        0x0800251d   Thumb Code    88  usart3.o(i.USART3_IRQHandler)
    USART_Cmd                                0x08002585   Thumb Code    20  stm32f10x_usart.o(i.USART_Cmd)
    USART_DeInit                             0x08002599   Thumb Code    96  stm32f10x_usart.o(i.USART_DeInit)
    USART_GetITStatus                        0x0800260d   Thumb Code    62  stm32f10x_usart.o(i.USART_GetITStatus)
    USART_ITConfig                           0x0800264b   Thumb Code    48  stm32f10x_usart.o(i.USART_ITConfig)
    USART_Init                               0x0800267d   Thumb Code   166  stm32f10x_usart.o(i.USART_Init)
    USART_ReceiveData                        0x08002729   Thumb Code     8  stm32f10x_usart.o(i.USART_ReceiveData)
    UsageFault_Handler                       0x08002731   Thumb Code     2  stm32f10x_it.o(i.UsageFault_Handler)
    WriteRawRC                               0x08002735   Thumb Code    44  rc522.o(i.WriteRawRC)
    _is_digit                                0x08002765   Thumb Code    14  __printf_wp.o(i._is_digit)
    _sys_exit                                0x08002773   Thumb Code     2  usart.o(i._sys_exit)
    bluetooth_task                           0x08002775   Thumb Code    66  main.o(i.bluetooth_task)
    button_task                              0x080027c9   Thumb Code   426  main.o(i.button_task)
    delay_init                               0x0800298d   Thumb Code    60  delay.o(i.delay_init)
    delay_ms                                 0x080029d5   Thumb Code    52  delay.o(i.delay_ms)
    delay_us                                 0x08002a0d   Thumb Code    48  delay.o(i.delay_us)
    esp8266_task                             0x08002a41   Thumb Code   130  main.o(i.esp8266_task)
    fputc                                    0x08002b0d   Thumb Code    18  usart.o(i.fputc)
    key_oled                                 0x08002b25   Thumb Code    94  key.o(i.key_oled)
    main                                     0x08002b85   Thumb Code   170  main.o(i.main)
    oled_start                               0x08002c4d   Thumb Code   178  main.o(i.oled_start)
    oled_task                                0x08002d05   Thumb Code    48  main.o(i.oled_task)
    oped_ok                                  0x08002d4d   Thumb Code    82  main.o(i.oped_ok)
    open_door                                0x08002d9f   Thumb Code   166  main.o(i.open_door)
    open_error                               0x08002e45   Thumb Code    82  main.o(i.open_error)
    press_FR                                 0x08002e99   Thumb Code    48  main.o(i.press_FR)
    pvPortMalloc                             0x08003745   Thumb Code   214  heap_4.o(i.pvPortMalloc)
    pvTaskIncrementMutexHeldCount            0x08003859   Thumb Code    18  tasks.o(i.pvTaskIncrementMutexHeldCount)
    pxPortInitialiseStack                    0x08003871   Thumb Code    32  port.o(i.pxPortInitialiseStack)
    rc522_task                               0x08003895   Thumb Code   300  main.o(i.rc522_task)
    start_task                               0x08003a0d   Thumb Code   160  main.o(i.start_task)
    uart4_init                               0x08003b19   Thumb Code   164  myusart.o(i.uart4_init)
    uart_init                                0x08003bc5   Thumb Code   152  usart.o(i.uart_init)
    usart2_init                              0x08003c65   Thumb Code   190  usart2.o(i.usart2_init)
    uxListRemove                             0x08003d35   Thumb Code    36  list.o(i.uxListRemove)
    uxTaskResetEventItemValue                0x08003d59   Thumb Code    20  tasks.o(i.uxTaskResetEventItemValue)
    vListInitialise                          0x08003d71   Thumb Code    22  list.o(i.vListInitialise)
    vListInitialiseItem                      0x08003d87   Thumb Code     6  list.o(i.vListInitialiseItem)
    vListInsert                              0x08003d8d   Thumb Code    48  list.o(i.vListInsert)
    vListInsertEnd                           0x08003dbd   Thumb Code    24  list.o(i.vListInsertEnd)
    vPortEnterCritical                       0x08003dd5   Thumb Code    50  port.o(i.vPortEnterCritical)
    vPortExitCritical                        0x08003e4d   Thumb Code    34  port.o(i.vPortExitCritical)
    vPortFree                                0x08003eb1   Thumb Code    94  heap_4.o(i.vPortFree)
    vPortSetupTimerInterrupt                 0x08003f4d   Thumb Code    26  port.o(i.vPortSetupTimerInterrupt)
    vPortValidateInterruptPriority           0x08003f6d   Thumb Code    70  port.o(i.vPortValidateInterruptPriority)
    vQueueAddToRegistry                      0x08003ff9   Thumb Code    32  queue.o(i.vQueueAddToRegistry)
    vQueueWaitForMessageRestricted           0x0800401d   Thumb Code    68  queue.o(i.vQueueWaitForMessageRestricted)
    vTaskDelay                               0x08004061   Thumb Code    62  tasks.o(i.vTaskDelay)
    vTaskDelete                              0x080040cd   Thumb Code   152  tasks.o(i.vTaskDelete)
    vTaskMissedYield                         0x08004199   Thumb Code     8  tasks.o(i.vTaskMissedYield)
    vTaskPlaceOnEventList                    0x080041a5   Thumb Code    44  tasks.o(i.vTaskPlaceOnEventList)
    vTaskPlaceOnEventListRestricted          0x080041f9   Thumb Code    52  tasks.o(i.vTaskPlaceOnEventListRestricted)
    vTaskPlaceOnUnorderedEventList           0x08004255   Thumb Code    72  tasks.o(i.vTaskPlaceOnUnorderedEventList)
    vTaskPriorityInherit                     0x080042c5   Thumb Code   124  tasks.o(i.vTaskPriorityInherit)
    vTaskSetTimeOutState                     0x08004349   Thumb Code    30  tasks.o(i.vTaskSetTimeOutState)
    vTaskStartScheduler                      0x08004391   Thumb Code    96  tasks.o(i.vTaskStartScheduler)
    vTaskSuspendAll                          0x08004425   Thumb Code    10  tasks.o(i.vTaskSuspendAll)
    vTaskSwitchContext                       0x08004435   Thumb Code    80  tasks.o(i.vTaskSwitchContext)
    xEventGroupCreate                        0x080044b1   Thumb Code    26  event_groups.o(i.xEventGroupCreate)
    xEventGroupSetBits                       0x080044cd   Thumb Code   132  event_groups.o(i.xEventGroupSetBits)
    xEventGroupWaitBits                      0x0800457d   Thumb Code   240  event_groups.o(i.xEventGroupWaitBits)
    xPortStartScheduler                      0x0800469d   Thumb Code   108  port.o(i.xPortStartScheduler)
    xPortSysTickHandler                      0x08004715   Thumb Code    38  port.o(i.xPortSysTickHandler)
    xQueueGenericCreate                      0x08004741   Thumb Code    82  queue.o(i.xQueueGenericCreate)
    xQueueGenericReceive                     0x080047b9   Thumb Code   348  queue.o(i.xQueueGenericReceive)
    xQueueGenericReset                       0x0800493d   Thumb Code   128  queue.o(i.xQueueGenericReset)
    xQueueGenericSend                        0x080049e5   Thumb Code   350  queue.o(i.xQueueGenericSend)
    xQueueGenericSendFromISR                 0x08004b6d   Thumb Code   188  queue.o(i.xQueueGenericSendFromISR)
    xTaskCheckForTimeOut                     0x08004c4d   Thumb Code    94  tasks.o(i.xTaskCheckForTimeOut)
    xTaskCreate                              0x08004cd5   Thumb Code    86  tasks.o(i.xTaskCreate)
    xTaskGetSchedulerState                   0x08004d2d   Thumb Code    22  tasks.o(i.xTaskGetSchedulerState)
    xTaskGetTickCount                        0x08004d49   Thumb Code     6  tasks.o(i.xTaskGetTickCount)
    xTaskIncrementTick                       0x08004d55   Thumb Code   188  tasks.o(i.xTaskIncrementTick)
    xTaskPriorityDisinherit                  0x08004e3d   Thumb Code   136  tasks.o(i.xTaskPriorityDisinherit)
    xTaskRemoveFromEventList                 0x08004ef1   Thumb Code   102  tasks.o(i.xTaskRemoveFromEventList)
    xTaskRemoveFromUnorderedEventList        0x08004f89   Thumb Code   108  tasks.o(i.xTaskRemoveFromUnorderedEventList)
    xTaskResumeAll                           0x08005021   Thumb Code   180  tasks.o(i.xTaskResumeAll)
    xTimerCreate                             0x08005105   Thumb Code    74  timers.o(i.xTimerCreate)
    xTimerCreateTimerTask                    0x08005179   Thumb Code    58  timers.o(i.xTimerCreateTimerTask)
    xTimerGenericCommand                     0x080051ed   Thumb Code    98  timers.o(i.xTimerGenericCommand)
    zhu_1                                    0x0800527d   Thumb Code    86  main.o(i.zhu_1)
    asc2_0806                                0x080052f0   Data         552  oled.o(.constdata)
    asc2_1206                                0x08005518   Data        1140  oled.o(.constdata)
    asc2_1608                                0x0800598c   Data        1520  oled.o(.constdata)
    asc2_2412                                0x08005f7c   Data        3420  oled.o(.constdata)
    Hzk1                                     0x08006cd8   Data         960  oled.o(.constdata)
    Hzk2                                     0x08007098   Data          72  oled.o(.constdata)
    Hzk3                                     0x080070e0   Data         128  oled.o(.constdata)
    Hzk4                                     0x08007160   Data         512  oled.o(.constdata)
    Region$$Table$$Base                      0x0800739c   Number         0  anon$$obj.o(Region$$Table)
    Region$$Table$$Limit                     0x080073bc   Number         0  anon$$obj.o(Region$$Table)
    value                                    0x20000000   Data           1  main.o(.data)
    OpenFlag                                 0x20000001   Data           1  main.o(.data)
    ensure                                   0x20000002   Data           1  main.o(.data)
    ValidN                                   0x20000004   Data           2  main.o(.data)
    StartTask_Handler                        0x20000008   Data           4  main.o(.data)
    RC522Task_Handler                        0x2000000c   Data           4  main.o(.data)
    ButtonTask_Handler                       0x20000010   Data           4  main.o(.data)
    OledTask_Handler                         0x20000014   Data           4  main.o(.data)
    BluetoothTask_Handler                    0x20000018   Data           4  main.o(.data)
    Esp8266Task_Handler                      0x2000001c   Data           4  main.o(.data)
    AS608Task_Handler                        0x20000020   Data           4  main.o(.data)
    EventGroupHandler                        0x20000024   Data           4  main.o(.data)
    BacklightTimer_Handle                    0x20000028   Data           4  main.o(.data)
    zhu1                                     0x2000002c   Data         256  main.o(.data)
    start                                    0x2000012c   Data        1024  main.o(.data)
    SystemCoreClock                          0x2000052c   Data           4  system_stm32f10x.o(.data)
    AHBPrescTable                            0x20000530   Data          16  system_stm32f10x.o(.data)
    Receive_over                             0x20000540   Data           1  myusart.o(.data)
    Close_door                               0x20000541   Data           1  myusart.o(.data)
    Open_door                                0x20000542   Data           1  myusart.o(.data)
    point                                    0x20000543   Data           1  myusart.o(.data)
    USART3_RX_STA                            0x20000544   Data           2  usart3.o(.data)
    AS608Addr                                0x20000548   Data           4  as608.o(.data)
    USART2_RX_STA                            0x2000054c   Data           2  usart2.o(.data)
    USART_RX_STA                             0x20000552   Data           2  usart.o(.data)
    __stdout                                 0x20000554   Data           4  usart.o(.data)
    pxCurrentTCB                             0x2000056c   Data           4  tasks.o(.data)
    AS608Para                                0x200005e0   Data          12  main.o(.bss)
    OLED_GRAM                                0x200005ec   Data        1152  oled.o(.bss)
    USART4_RX_BUF                            0x20000a6c   Data         200  myusart.o(.bss)
    USART3_RX_BUF                            0x20000b34   Data         600  usart3.o(.bss)
    USART3_TX_BUF                            0x20000d8c   Data         600  usart3.o(.bss)
    USART2_RX_BUF                            0x20000fe4   Data         400  usart2.o(.bss)
    USART2_TX_BUF                            0x20001174   Data         400  usart2.o(.bss)
    USART_RX_BUF                             0x20001304   Data         200  usart.o(.bss)
    xQueueRegistry                           0x200013cc   Data          64  queue.o(.bss)
    __libspace_start                         0x20006718   Data          96  libspace.o(.bss)
    __temporary_stack_top$libspace           0x20006778   Data           0  libspace.o(.bss)



==============================================================================

Memory Map of the image

  Image Entry point : 0x080002b9

  Load Region LR_1 (Base: 0x08000000, Size: 0x0000799c, Max: 0xffffffff, ABSOLUTE, COMPRESSED[0x000074dc])

    Execution Region ER_RO (Exec base: 0x08000000, Load base: 0x08000000, Size: 0x000073bc, Max: 0xffffffff, ABSOLUTE)

    Exec Addr    Load Addr    Size         Type   Attr      Idx    E Section Name        Object

    0x08000000   0x08000000   0x00000130   Data   RO         1220    RESET               startup_stm32f10x_hd.o
    0x08000130   0x08000130   0x00000008   Code   RO         3363  * !!!main             c_w.l(__main.o)
    0x08000138   0x08000138   0x00000034   Code   RO         3630    !!!scatter          c_w.l(__scatter.o)
    0x0800016c   0x0800016c   0x0000005a   Code   RO         3628    !!dczerorl2         c_w.l(__dczerorl2.o)
    0x080001c6   0x080001c6   0x00000002   PAD
    0x080001c8   0x080001c8   0x0000001c   Code   RO         3632    !!handler_zi        c_w.l(__scatter_zi.o)
    0x080001e4   0x080001e4   0x00000000   Code   RO         3346    .ARM.Collect$$_printf_percent$$00000000  c_w.l(_printf_percent.o)
    0x080001e4   0x080001e4   0x00000006   Code   RO         3344    .ARM.Collect$$_printf_percent$$00000009  c_w.l(_printf_d.o)
    0x080001ea   0x080001ea   0x00000006   Code   RO         3343    .ARM.Collect$$_printf_percent$$0000000C  c_w.l(_printf_x.o)
    0x080001f0   0x080001f0   0x00000006   Code   RO         3342    .ARM.Collect$$_printf_percent$$00000014  c_w.l(_printf_s.o)
    0x080001f6   0x080001f6   0x00000004   Code   RO         3401    .ARM.Collect$$_printf_percent$$00000017  c_w.l(_printf_percent_end.o)
    0x080001fa   0x080001fa   0x00000002   Code   RO         3490    .ARM.Collect$$libinit$$00000000  c_w.l(libinit.o)
    0x080001fc   0x080001fc   0x00000000   Code   RO         3507    .ARM.Collect$$libinit$$00000002  c_w.l(libinit2.o)
    0x080001fc   0x080001fc   0x00000000   Code   RO         3509    .ARM.Collect$$libinit$$00000004  c_w.l(libinit2.o)
    0x080001fc   0x080001fc   0x00000000   Code   RO         3512    .ARM.Collect$$libinit$$0000000A  c_w.l(libinit2.o)
    0x080001fc   0x080001fc   0x00000000   Code   RO         3514    .ARM.Collect$$libinit$$0000000C  c_w.l(libinit2.o)
    0x080001fc   0x080001fc   0x00000000   Code   RO         3516    .ARM.Collect$$libinit$$0000000E  c_w.l(libinit2.o)
    0x080001fc   0x080001fc   0x00000000   Code   RO         3519    .ARM.Collect$$libinit$$00000011  c_w.l(libinit2.o)
    0x080001fc   0x080001fc   0x00000000   Code   RO         3521    .ARM.Collect$$libinit$$00000013  c_w.l(libinit2.o)
    0x080001fc   0x080001fc   0x00000000   Code   RO         3523    .ARM.Collect$$libinit$$00000015  c_w.l(libinit2.o)
    0x080001fc   0x080001fc   0x00000000   Code   RO         3525    .ARM.Collect$$libinit$$00000017  c_w.l(libinit2.o)
    0x080001fc   0x080001fc   0x00000000   Code   RO         3527    .ARM.Collect$$libinit$$00000019  c_w.l(libinit2.o)
    0x080001fc   0x080001fc   0x00000000   Code   RO         3529    .ARM.Collect$$libinit$$0000001B  c_w.l(libinit2.o)
    0x080001fc   0x080001fc   0x00000000   Code   RO         3531    .ARM.Collect$$libinit$$0000001D  c_w.l(libinit2.o)
    0x080001fc   0x080001fc   0x00000000   Code   RO         3533    .ARM.Collect$$libinit$$0000001F  c_w.l(libinit2.o)
    0x080001fc   0x080001fc   0x00000000   Code   RO         3535    .ARM.Collect$$libinit$$00000021  c_w.l(libinit2.o)
    0x080001fc   0x080001fc   0x00000000   Code   RO         3537    .ARM.Collect$$libinit$$00000023  c_w.l(libinit2.o)
    0x080001fc   0x080001fc   0x00000000   Code   RO         3539    .ARM.Collect$$libinit$$00000025  c_w.l(libinit2.o)
    0x080001fc   0x080001fc   0x00000000   Code   RO         3543    .ARM.Collect$$libinit$$0000002C  c_w.l(libinit2.o)
    0x080001fc   0x080001fc   0x00000000   Code   RO         3545    .ARM.Collect$$libinit$$0000002E  c_w.l(libinit2.o)
    0x080001fc   0x080001fc   0x00000000   Code   RO         3547    .ARM.Collect$$libinit$$00000030  c_w.l(libinit2.o)
    0x080001fc   0x080001fc   0x00000000   Code   RO         3549    .ARM.Collect$$libinit$$00000032  c_w.l(libinit2.o)
    0x080001fc   0x080001fc   0x00000002   Code   RO         3550    .ARM.Collect$$libinit$$00000033  c_w.l(libinit2.o)
    0x080001fe   0x080001fe   0x00000002   Code   RO         3568    .ARM.Collect$$libshutdown$$00000000  c_w.l(libshutdown.o)
    0x08000200   0x08000200   0x00000000   Code   RO         3578    .ARM.Collect$$libshutdown$$00000002  c_w.l(libshutdown2.o)
    0x08000200   0x08000200   0x00000000   Code   RO         3580    .ARM.Collect$$libshutdown$$00000004  c_w.l(libshutdown2.o)
    0x08000200   0x08000200   0x00000000   Code   RO         3582    .ARM.Collect$$libshutdown$$00000006  c_w.l(libshutdown2.o)
    0x08000200   0x08000200   0x00000000   Code   RO         3585    .ARM.Collect$$libshutdown$$00000009  c_w.l(libshutdown2.o)
    0x08000200   0x08000200   0x00000000   Code   RO         3588    .ARM.Collect$$libshutdown$$0000000C  c_w.l(libshutdown2.o)
    0x08000200   0x08000200   0x00000000   Code   RO         3590    .ARM.Collect$$libshutdown$$0000000E  c_w.l(libshutdown2.o)
    0x08000200   0x08000200   0x00000000   Code   RO         3593    .ARM.Collect$$libshutdown$$00000011  c_w.l(libshutdown2.o)
    0x08000200   0x08000200   0x00000002   Code   RO         3594    .ARM.Collect$$libshutdown$$00000012  c_w.l(libshutdown2.o)
    0x08000202   0x08000202   0x00000000   Code   RO         3367    .ARM.Collect$$rtentry$$00000000  c_w.l(__rtentry.o)
    0x08000202   0x08000202   0x00000000   Code   RO         3416    .ARM.Collect$$rtentry$$00000002  c_w.l(__rtentry2.o)
    0x08000202   0x08000202   0x00000006   Code   RO         3428    .ARM.Collect$$rtentry$$00000004  c_w.l(__rtentry4.o)
    0x08000208   0x08000208   0x00000000   Code   RO         3418    .ARM.Collect$$rtentry$$00000009  c_w.l(__rtentry2.o)
    0x08000208   0x08000208   0x00000004   Code   RO         3419    .ARM.Collect$$rtentry$$0000000A  c_w.l(__rtentry2.o)
    0x0800020c   0x0800020c   0x00000000   Code   RO         3421    .ARM.Collect$$rtentry$$0000000C  c_w.l(__rtentry2.o)
    0x0800020c   0x0800020c   0x00000008   Code   RO         3422    .ARM.Collect$$rtentry$$0000000D  c_w.l(__rtentry2.o)
    0x08000214   0x08000214   0x00000002   Code   RO         3499    .ARM.Collect$$rtexit$$00000000  c_w.l(rtexit.o)
    0x08000216   0x08000216   0x00000000   Code   RO         3552    .ARM.Collect$$rtexit$$00000002  c_w.l(rtexit2.o)
    0x08000216   0x08000216   0x00000004   Code   RO         3553    .ARM.Collect$$rtexit$$00000003  c_w.l(rtexit2.o)
    0x0800021a   0x0800021a   0x00000006   Code   RO         3554    .ARM.Collect$$rtexit$$00000004  c_w.l(rtexit2.o)
    0x08000220   0x08000220   0x00000096   Code   RO         3201    .emb_text           port.o
    0x080002b6   0x080002b6   0x00000002   PAD
    0x080002b8   0x080002b8   0x00000040   Code   RO         1221  * .text               startup_stm32f10x_hd.o
    0x080002f8   0x080002f8   0x00000002   Code   RO         3280    .text               c_w.l(use_no_semi_2.o)
    0x080002fa   0x080002fa   0x00000002   PAD
    0x080002fc   0x080002fc   0x00000018   Code   RO         3284    .text               c_w.l(__2printf.o)
    0x08000314   0x08000314   0x0000002c   Code   RO         3286    .text               c_w.l(__2sprintf.o)
    0x08000340   0x08000340   0x0000004e   Code   RO         3294    .text               c_w.l(_printf_pad.o)
    0x0800038e   0x0800038e   0x00000052   Code   RO         3296    .text               c_w.l(_printf_str.o)
    0x080003e0   0x080003e0   0x00000078   Code   RO         3298    .text               c_w.l(_printf_dec.o)
    0x08000458   0x08000458   0x00000094   Code   RO         3318    .text               c_w.l(_printf_hex_int_ll_ptr.o)
    0x080004ec   0x080004ec   0x00000188   Code   RO         3338    .text               c_w.l(__printf_flags_ss_wp.o)
    0x08000674   0x08000674   0x00000024   Code   RO         3347    .text               c_w.l(strstr.o)
    0x08000698   0x08000698   0x0000008a   Code   RO         3353    .text               c_w.l(rt_memcpy_v6.o)
    0x08000722   0x08000722   0x00000064   Code   RO         3355    .text               c_w.l(rt_memcpy_w.o)
    0x08000786   0x08000786   0x00000010   Code   RO         3357    .text               c_w.l(aeabi_memset.o)
    0x08000796   0x08000796   0x0000004e   Code   RO         3359    .text               c_w.l(rt_memclr_w.o)
    0x080007e4   0x080007e4   0x00000006   Code   RO         3361    .text               c_w.l(heapauxi.o)
    0x080007ea   0x080007ea   0x00000002   Code   RO         3365    .text               c_w.l(use_no_semi.o)
    0x080007ec   0x080007ec   0x000000b2   Code   RO         3370    .text               c_w.l(_printf_intcommon.o)
    0x0800089e   0x0800089e   0x00000002   PAD
    0x080008a0   0x080008a0   0x00000030   Code   RO         3374    .text               c_w.l(_printf_char_common.o)
    0x080008d0   0x080008d0   0x0000000a   Code   RO         3376    .text               c_w.l(_sputc.o)
    0x080008da   0x080008da   0x0000002c   Code   RO         3378    .text               c_w.l(_printf_char.o)
    0x08000906   0x08000906   0x00000002   PAD
    0x08000908   0x08000908   0x00000024   Code   RO         3380    .text               c_w.l(_printf_char_file.o)
    0x0800092c   0x0800092c   0x00000044   Code   RO         3411    .text               c_w.l(rt_memclr.o)
    0x08000970   0x08000970   0x00000008   Code   RO         3438    .text               c_w.l(ferror.o)
    0x08000978   0x08000978   0x0000004a   Code   RO         3444    .text               c_w.l(sys_stackheap_outer.o)
    0x080009c2   0x080009c2   0x00000012   Code   RO         3483    .text               c_w.l(exit.o)
    0x080009d4   0x080009d4   0x00000008   Code   RO         3496    .text               c_w.l(libspace.o)
    0x080009dc   0x080009dc   0x00000018   Code   RO            1    i.AS608_task        main.o
    0x080009f4   0x080009f4   0x00000002   Code   RO          338    i.BusFault_Handler  stm32f10x_it.o
    0x080009f6   0x080009f6   0x00000066   Code   RO          624    i.CalulateCRC       rc522.o
    0x08000a5c   0x08000a5c   0x00000018   Code   RO          625    i.ClearBitMask      rc522.o
    0x08000a74   0x08000a74   0x00000002   Code   RO          339    i.DebugMon_Handler  stm32f10x_it.o
    0x08000a76   0x08000a76   0x00000002   PAD
    0x08000a78   0x08000a78   0x00000244   Code   RO          898    i.EnsureMessage     as608.o
    0x08000cbc   0x08000cbc   0x0000009c   Code   RO         1800    i.GPIO_Init         stm32f10x_gpio.o
    0x08000d58   0x08000d58   0x0000000e   Code   RO         1804    i.GPIO_ReadInputDataBit  stm32f10x_gpio.o
    0x08000d66   0x08000d66   0x00000004   Code   RO         1807    i.GPIO_ResetBits    stm32f10x_gpio.o
    0x08000d6a   0x08000d6a   0x00000004   Code   RO         1808    i.GPIO_SetBits      stm32f10x_gpio.o
    0x08000d6e   0x08000d6e   0x00000002   PAD
    0x08000d70   0x08000d70   0x00000100   Code   RO          600    i.GetMatrixKeyValue  key.o
    0x08000e70   0x08000e70   0x00000002   Code   RO          340    i.HardFault_Handler  stm32f10x_it.o
    0x08000e72   0x08000e72   0x00000002   PAD
    0x08000e74   0x08000e74   0x00000038   Code   RO          450    i.I2C_Start         oled.o
    0x08000eac   0x08000eac   0x00000028   Code   RO          451    i.I2C_Stop          oled.o
    0x08000ed4   0x08000ed4   0x00000030   Code   RO          452    i.I2C_WaitAck       oled.o
    0x08000f04   0x08000f04   0x0000000a   Code   RO          453    i.IIC_delay         oled.o
    0x08000f0e   0x08000f0e   0x00000002   PAD
    0x08000f10   0x08000f10   0x00000070   Code   RO          899    i.JudgeStr          as608.o
    0x08000f80   0x08000f80   0x00000056   Code   RO          627    i.M500PcdConfigISOType  rc522.o
    0x08000fd6   0x08000fd6   0x00000002   PAD
    0x08000fd8   0x08000fd8   0x00000014   Code   RO          900    i.MYUSART_SendData  as608.o
    0x08000fec   0x08000fec   0x000000b0   Code   RO          601    i.MatrixModeConfig  key.o
    0x0800109c   0x0800109c   0x00000002   Code   RO          341    i.MemManage_Handler  stm32f10x_it.o
    0x0800109e   0x0800109e   0x00000002   Code   RO          342    i.NMI_Handler       stm32f10x_it.o
    0x080010a0   0x080010a0   0x00000064   Code   RO         1758    i.NVIC_Init         misc.o
    0x08001104   0x08001104   0x00000014   Code   RO         1759    i.NVIC_PriorityGroupConfig  misc.o
    0x08001118   0x08001118   0x0000002c   Code   RO          454    i.OLED_Clear        oled.o
    0x08001144   0x08001144   0x00000016   Code   RO          455    i.OLED_ColorTurn    oled.o
    0x0800115a   0x0800115a   0x0000002c   Code   RO          458    i.OLED_DisplayTurn  oled.o
    0x08001186   0x08001186   0x00000098   Code   RO          460    i.OLED_DrawLine     oled.o
    0x0800121e   0x0800121e   0x00000002   PAD
    0x08001220   0x08001220   0x0000002c   Code   RO          461    i.OLED_DrawPoint    oled.o
    0x0800124c   0x0800124c   0x0000013c   Code   RO          462    i.OLED_Init         oled.o
    0x08001388   0x08001388   0x00000064   Code   RO          464    i.OLED_Refresh      oled.o
    0x080013ec   0x080013ec   0x000000dc   Code   RO          466    i.OLED_ShowChar     oled.o
    0x080014c8   0x080014c8   0x000000bc   Code   RO          467    i.OLED_ShowChinese  oled.o
    0x08001584   0x08001584   0x0000009a   Code   RO          469    i.OLED_ShowPicture  oled.o
    0x0800161e   0x0800161e   0x00000036   Code   RO          471    i.OLED_WR_Byte      oled.o
    0x08001654   0x08001654   0x0000003c   Code   RO          903    i.PS_GenChar        as608.o
    0x08001690   0x08001690   0x00000034   Code   RO          904    i.PS_GetImage       as608.o
    0x080016c4   0x080016c4   0x0000006c   Code   RO          905    i.PS_HandShake      as608.o
    0x08001730   0x08001730   0x00000084   Code   RO          906    i.PS_HighSpeedSearch  as608.o
    0x080017b4   0x080017b4   0x000000e0   Code   RO          909    i.PS_ReadSysPara    as608.o
    0x08001894   0x08001894   0x0000002c   Code   RO          913    i.PS_StaGPIO_Init   as608.o
    0x080018c0   0x080018c0   0x0000007c   Code   RO          915    i.PS_ValidTempleteNum  as608.o
    0x0800193c   0x0800193c   0x0000001a   Code   RO          629    i.PcdAntennaOn      rc522.o
    0x08001956   0x08001956   0x0000006a   Code   RO          630    i.PcdAnticoll       rc522.o
    0x080019c0   0x080019c0   0x00000052   Code   RO          631    i.PcdAuthState      rc522.o
    0x08001a12   0x08001a12   0x00000118   Code   RO          632    i.PcdComMF522       rc522.o
    0x08001b2a   0x08001b2a   0x00000050   Code   RO          635    i.PcdRequest        rc522.o
    0x08001b7a   0x08001b7a   0x00000002   PAD
    0x08001b7c   0x08001b7c   0x00000080   Code   RO          636    i.PcdReset          rc522.o
    0x08001bfc   0x08001bfc   0x00000064   Code   RO          637    i.PcdSelect         rc522.o
    0x08001c60   0x08001c60   0x0000002c   Code   RO          639    i.RC522_Init        rc522.o
    0x08001c8c   0x08001c8c   0x00000018   Code   RO         1934    i.RCC_APB1PeriphClockCmd  stm32f10x_rcc.o
    0x08001ca4   0x08001ca4   0x00000018   Code   RO         1935    i.RCC_APB1PeriphResetCmd  stm32f10x_rcc.o
    0x08001cbc   0x08001cbc   0x00000018   Code   RO         1936    i.RCC_APB2PeriphClockCmd  stm32f10x_rcc.o
    0x08001cd4   0x08001cd4   0x00000018   Code   RO         1937    i.RCC_APB2PeriphResetCmd  stm32f10x_rcc.o
    0x08001cec   0x08001cec   0x00000094   Code   RO         1944    i.RCC_GetClocksFreq  stm32f10x_rcc.o
    0x08001d80   0x08001d80   0x00000034   Code   RO          640    i.ReadRawRC         rc522.o
    0x08001db4   0x08001db4   0x00000088   Code   RO          641    i.SPI1_Init         rc522.o
    0x08001e3c   0x08001e3c   0x0000004c   Code   RO          642    i.SPI_RC522_ReadByte  rc522.o
    0x08001e88   0x08001e88   0x00000050   Code   RO          643    i.SPI_RC522_SendByte  rc522.o
    0x08001ed8   0x08001ed8   0x00000030   Code   RO          918    i.SendAddr          as608.o
    0x08001f08   0x08001f08   0x00000014   Code   RO          919    i.SendCheck         as608.o
    0x08001f1c   0x08001f1c   0x00000012   Code   RO          920    i.SendHead          as608.o
    0x08001f2e   0x08001f2e   0x00000016   Code   RO          921    i.SendLength        as608.o
    0x08001f44   0x08001f44   0x00000048   Code   RO          472    i.Send_Byte         oled.o
    0x08001f8c   0x08001f8c   0x00000018   Code   RO          644    i.SetBitMask        rc522.o
    0x08001fa4   0x08001fa4   0x000000a8   Code   RO          409    i.SetSysClockTo72   system_stm32f10x.o
    0x0800204c   0x0800204c   0x00000058   Code   RO          645    i.ShowID            rc522.o
    0x080020a4   0x080020a4   0x00000018   Code   RO         1762    i.SysTick_CLKSourceConfig  misc.o
    0x080020bc   0x080020bc   0x00000014   Code   RO         1086    i.SysTick_Handler   delay.o
    0x080020d0   0x080020d0   0x00000050   Code   RO          411    i.SystemInit        system_stm32f10x.o
    0x08002120   0x08002120   0x00000048   Code   RO          867    i.TIM7_IRQHandler   timer.o
    0x08002168   0x08002168   0x00000060   Code   RO          868    i.TIM7_Int_Init     timer.o
    0x080021c8   0x080021c8   0x0000009c   Code   RO          886    i.TIM8_PWM_Init     server.o
    0x08002264   0x08002264   0x00000006   Code   RO         1234    i.TIM_ClearITPendingBit  stm32f10x_tim.o
    0x0800226a   0x0800226a   0x00000014   Code   RO         1239    i.TIM_Cmd           stm32f10x_tim.o
    0x0800227e   0x0800227e   0x00000016   Code   RO         1241    i.TIM_CtrlPWMOutputs  stm32f10x_tim.o
    0x08002294   0x08002294   0x00000018   Code   RO         1260    i.TIM_GetITStatus   stm32f10x_tim.o
    0x080022ac   0x080022ac   0x00000010   Code   RO         1264    i.TIM_ITConfig      stm32f10x_tim.o
    0x080022bc   0x080022bc   0x00000080   Code   RO         1268    i.TIM_OC1Init       stm32f10x_tim.o
    0x0800233c   0x0800233c   0x0000000c   Code   RO         1271    i.TIM_OC1PreloadConfig  stm32f10x_tim.o
    0x08002348   0x08002348   0x00000004   Code   RO         1300    i.TIM_SetCompare1   stm32f10x_tim.o
    0x0800234c   0x0800234c   0x00000004   Code   RO         1304    i.TIM_SetCounter    stm32f10x_tim.o
    0x08002350   0x08002350   0x0000009c   Code   RO         1310    i.TIM_TimeBaseInit  stm32f10x_tim.o
    0x080023ec   0x080023ec   0x00000064   Code   RO          776    i.UART4_IRQHandler  myusart.o
    0x08002450   0x08002450   0x00000064   Code   RO         1163    i.USART1_IRQHandler  usart.o
    0x080024b4   0x080024b4   0x00000068   Code   RO         1055    i.USART2_IRQHandler  usart2.o
    0x0800251c   0x0800251c   0x00000068   Code   RO          826    i.USART3_IRQHandler  usart3.o
    0x08002584   0x08002584   0x00000014   Code   RO         2136    i.USART_Cmd         stm32f10x_usart.o
    0x08002598   0x08002598   0x00000074   Code   RO         2138    i.USART_DeInit      stm32f10x_usart.o
    0x0800260c   0x0800260c   0x0000003e   Code   RO         2140    i.USART_GetITStatus  stm32f10x_usart.o
    0x0800264a   0x0800264a   0x00000030   Code   RO         2142    i.USART_ITConfig    stm32f10x_usart.o
    0x0800267a   0x0800267a   0x00000002   PAD
    0x0800267c   0x0800267c   0x000000ac   Code   RO         2143    i.USART_Init        stm32f10x_usart.o
    0x08002728   0x08002728   0x00000008   Code   RO         2150    i.USART_ReceiveData  stm32f10x_usart.o
    0x08002730   0x08002730   0x00000002   Code   RO          343    i.UsageFault_Handler  stm32f10x_it.o
    0x08002732   0x08002732   0x00000002   PAD
    0x08002734   0x08002734   0x00000030   Code   RO          646    i.WriteRawRC        rc522.o
    0x08002764   0x08002764   0x0000000e   Code   RO         3331    i._is_digit         c_w.l(__printf_wp.o)
    0x08002772   0x08002772   0x00000002   Code   RO         1164    i._sys_exit         usart.o
    0x08002774   0x08002774   0x00000054   Code   RO            3    i.bluetooth_task    main.o
    0x080027c8   0x080027c8   0x000001c4   Code   RO            4    i.button_task       main.o
    0x0800298c   0x0800298c   0x00000048   Code   RO         1087    i.delay_init        delay.o
    0x080029d4   0x080029d4   0x00000038   Code   RO         1088    i.delay_ms          delay.o
    0x08002a0c   0x08002a0c   0x00000034   Code   RO         1089    i.delay_us          delay.o
    0x08002a40   0x08002a40   0x000000cc   Code   RO            6    i.esp8266_task      main.o
    0x08002b0c   0x08002b0c   0x00000018   Code   RO         1165    i.fputc             usart.o
    0x08002b24   0x08002b24   0x0000005e   Code   RO          602    i.key_oled          key.o
    0x08002b82   0x08002b82   0x00000002   PAD
    0x08002b84   0x08002b84   0x000000c8   Code   RO            8    i.main              main.o
    0x08002c4c   0x08002c4c   0x000000b8   Code   RO            9    i.oled_start        main.o
    0x08002d04   0x08002d04   0x00000048   Code   RO           10    i.oled_task         main.o
    0x08002d4c   0x08002d4c   0x00000052   Code   RO           11    i.oped_ok           main.o
    0x08002d9e   0x08002d9e   0x000000a6   Code   RO           12    i.open_door         main.o
    0x08002e44   0x08002e44   0x00000052   Code   RO           13    i.open_error        main.o
    0x08002e96   0x08002e96   0x00000002   PAD
    0x08002e98   0x08002e98   0x00000034   Code   RO           14    i.press_FR          main.o
    0x08002ecc   0x08002ecc   0x00000070   Code   RO         2687    i.prvAddCurrentTaskToDelayedList  tasks.o
    0x08002f3c   0x08002f3c   0x000000d0   Code   RO         2688    i.prvAddNewTaskToReadyList  tasks.o
    0x0800300c   0x0800300c   0x00000050   Code   RO         3032    i.prvCheckForValidListAndQueue  timers.o
    0x0800305c   0x0800305c   0x00000054   Code   RO         2689    i.prvCheckTasksWaitingTermination  tasks.o
    0x080030b0   0x080030b0   0x00000026   Code   RO         2466    i.prvCopyDataFromQueue  queue.o
    0x080030d6   0x080030d6   0x0000006c   Code   RO         2467    i.prvCopyDataToQueue  queue.o
    0x08003142   0x08003142   0x00000014   Code   RO         2690    i.prvDeleteTCB      tasks.o
    0x08003156   0x08003156   0x00000002   PAD
    0x08003158   0x08003158   0x0000004c   Code   RO         3152    i.prvHeapInit       heap_4.o
    0x080031a4   0x080031a4   0x00000028   Code   RO         2691    i.prvIdleTask       tasks.o
    0x080031cc   0x080031cc   0x000000c0   Code   RO         2692    i.prvInitialiseNewTask  tasks.o
    0x0800328c   0x0800328c   0x0000004c   Code   RO         3153    i.prvInsertBlockIntoFreeList  heap_4.o
    0x080032d8   0x080032d8   0x00000038   Code   RO         3033    i.prvInsertTimerInActiveList  timers.o
    0x08003310   0x08003310   0x0000001a   Code   RO         2468    i.prvIsQueueEmpty   queue.o
    0x0800332a   0x0800332a   0x00000002   PAD
    0x0800332c   0x0800332c   0x00000090   Code   RO         2469    i.prvNotifyQueueSetContainer  queue.o
    0x080033bc   0x080033bc   0x00000060   Code   RO         3034    i.prvProcessExpiredTimer  timers.o
    0x0800341c   0x0800341c   0x000000f0   Code   RO         3035    i.prvProcessReceivedCommands  timers.o
    0x0800350c   0x0800350c   0x0000006c   Code   RO         3036    i.prvProcessTimerOrBlockTask  timers.o
    0x08003578   0x08003578   0x00000020   Code   RO         2694    i.prvResetNextTaskUnblockTime  tasks.o
    0x08003598   0x08003598   0x00000028   Code   RO         3037    i.prvSampleTimeNow  timers.o
    0x080035c0   0x080035c0   0x0000006c   Code   RO         3038    i.prvSwitchTimerLists  timers.o
    0x0800362c   0x0800362c   0x00000064   Code   RO         3202    i.prvTaskExitError  port.o
    0x08003690   0x08003690   0x00000014   Code   RO         2321    i.prvTestWaitCondition  event_groups.o
    0x080036a4   0x080036a4   0x00000028   Code   RO         3039    i.prvTimerTask      timers.o
    0x080036cc   0x080036cc   0x00000078   Code   RO         2470    i.prvUnlockQueue    queue.o
    0x08003744   0x08003744   0x00000114   Code   RO         3154    i.pvPortMalloc      heap_4.o
    0x08003858   0x08003858   0x00000018   Code   RO         2696    i.pvTaskIncrementMutexHeldCount  tasks.o
    0x08003870   0x08003870   0x00000024   Code   RO         3203    i.pxPortInitialiseStack  port.o
    0x08003894   0x08003894   0x00000178   Code   RO           15    i.rc522_task        main.o
    0x08003a0c   0x08003a0c   0x0000010c   Code   RO           21    i.start_task        main.o
    0x08003b18   0x08003b18   0x000000ac   Code   RO          777    i.uart4_init        myusart.o
    0x08003bc4   0x08003bc4   0x000000a0   Code   RO         1166    i.uart_init         usart.o
    0x08003c64   0x08003c64   0x000000d0   Code   RO         1057    i.usart2_init       usart2.o
    0x08003d34   0x08003d34   0x00000024   Code   RO         2429    i.uxListRemove      list.o
    0x08003d58   0x08003d58   0x00000018   Code   RO         2703    i.uxTaskResetEventItemValue  tasks.o
    0x08003d70   0x08003d70   0x00000016   Code   RO         2430    i.vListInitialise   list.o
    0x08003d86   0x08003d86   0x00000006   Code   RO         2431    i.vListInitialiseItem  list.o
    0x08003d8c   0x08003d8c   0x00000030   Code   RO         2432    i.vListInsert       list.o
    0x08003dbc   0x08003dbc   0x00000018   Code   RO         2433    i.vListInsertEnd    list.o
    0x08003dd4   0x08003dd4   0x00000078   Code   RO         3205    i.vPortEnterCritical  port.o
    0x08003e4c   0x08003e4c   0x00000064   Code   RO         3206    i.vPortExitCritical  port.o
    0x08003eb0   0x08003eb0   0x0000009c   Code   RO         3155    i.vPortFree         heap_4.o
    0x08003f4c   0x08003f4c   0x00000020   Code   RO         3207    i.vPortSetupTimerInterrupt  port.o
    0x08003f6c   0x08003f6c   0x0000008c   Code   RO         3208    i.vPortValidateInterruptPriority  port.o
    0x08003ff8   0x08003ff8   0x00000024   Code   RO         2476    i.vQueueAddToRegistry  queue.o
    0x0800401c   0x0800401c   0x00000044   Code   RO         2480    i.vQueueWaitForMessageRestricted  queue.o
    0x08004060   0x08004060   0x0000006c   Code   RO         2704    i.vTaskDelay        tasks.o
    0x080040cc   0x080040cc   0x000000cc   Code   RO         2706    i.vTaskDelete       tasks.o
    0x08004198   0x08004198   0x0000000c   Code   RO         2710    i.vTaskMissedYield  tasks.o
    0x080041a4   0x080041a4   0x00000054   Code   RO         2712    i.vTaskPlaceOnEventList  tasks.o
    0x080041f8   0x080041f8   0x0000005c   Code   RO         2713    i.vTaskPlaceOnEventListRestricted  tasks.o
    0x08004254   0x08004254   0x00000070   Code   RO         2714    i.vTaskPlaceOnUnorderedEventList  tasks.o
    0x080042c4   0x080042c4   0x00000084   Code   RO         2715    i.vTaskPriorityInherit  tasks.o
    0x08004348   0x08004348   0x00000048   Code   RO         2719    i.vTaskSetTimeOutState  tasks.o
    0x08004390   0x08004390   0x00000094   Code   RO         2720    i.vTaskStartScheduler  tasks.o
    0x08004424   0x08004424   0x00000010   Code   RO         2722    i.vTaskSuspendAll   tasks.o
    0x08004434   0x08004434   0x0000007c   Code   RO         2723    i.vTaskSwitchContext  tasks.o
    0x080044b0   0x080044b0   0x0000001a   Code   RO         2328    i.xEventGroupCreate  event_groups.o
    0x080044ca   0x080044ca   0x00000002   PAD
    0x080044cc   0x080044cc   0x000000b0   Code   RO         2330    i.xEventGroupSetBits  event_groups.o
    0x0800457c   0x0800457c   0x00000120   Code   RO         2333    i.xEventGroupWaitBits  event_groups.o
    0x0800469c   0x0800469c   0x00000078   Code   RO         3209    i.xPortStartScheduler  port.o
    0x08004714   0x08004714   0x0000002c   Code   RO         3210    i.xPortSysTickHandler  port.o
    0x08004740   0x08004740   0x00000078   Code   RO         2485    i.xQueueGenericCreate  queue.o
    0x080047b8   0x080047b8   0x00000184   Code   RO         2486    i.xQueueGenericReceive  queue.o
    0x0800493c   0x0800493c   0x000000a8   Code   RO         2487    i.xQueueGenericReset  queue.o
    0x080049e4   0x080049e4   0x00000188   Code   RO         2488    i.xQueueGenericSend  queue.o
    0x08004b6c   0x08004b6c   0x000000e0   Code   RO         2489    i.xQueueGenericSendFromISR  queue.o
    0x08004c4c   0x08004c4c   0x00000088   Code   RO         2724    i.xTaskCheckForTimeOut  tasks.o
    0x08004cd4   0x08004cd4   0x00000056   Code   RO         2725    i.xTaskCreate       tasks.o
    0x08004d2a   0x08004d2a   0x00000002   PAD
    0x08004d2c   0x08004d2c   0x0000001c   Code   RO         2729    i.xTaskGetSchedulerState  tasks.o
    0x08004d48   0x08004d48   0x0000000c   Code   RO         2730    i.xTaskGetTickCount  tasks.o
    0x08004d54   0x08004d54   0x000000e8   Code   RO         2732    i.xTaskIncrementTick  tasks.o
    0x08004e3c   0x08004e3c   0x000000b4   Code   RO         2735    i.xTaskPriorityDisinherit  tasks.o
    0x08004ef0   0x08004ef0   0x00000098   Code   RO         2736    i.xTaskRemoveFromEventList  tasks.o
    0x08004f88   0x08004f88   0x00000098   Code   RO         2737    i.xTaskRemoveFromUnorderedEventList  tasks.o
    0x08005020   0x08005020   0x000000e4   Code   RO         2738    i.xTaskResumeAll    tasks.o
    0x08005104   0x08005104   0x00000074   Code   RO         3042    i.xTimerCreate      timers.o
    0x08005178   0x08005178   0x00000074   Code   RO         3043    i.xTimerCreateTimerTask  timers.o
    0x080051ec   0x080051ec   0x00000090   Code   RO         3044    i.xTimerGenericCommand  timers.o
    0x0800527c   0x0800527c   0x0000005c   Code   RO           22    i.zhu_1             main.o
    0x080052d8   0x080052d8   0x00000018   Data   RO           24    .constdata          main.o
    0x080052f0   0x080052f0   0x00002070   Data   RO          474    .constdata          oled.o
    0x08007360   0x08007360   0x00000028   Data   RO         3319    .constdata          c_w.l(_printf_hex_int_ll_ptr.o)
    0x08007388   0x08007388   0x00000011   Data   RO         3339    .constdata          c_w.l(__printf_flags_ss_wp.o)
    0x08007399   0x08007399   0x00000003   PAD
    0x0800739c   0x0800739c   0x00000020   Data   RO         3626    Region$$Table       anon$$obj.o


    Execution Region ER_RW (Exec base: 0x20000000, Load base: 0x080073bc, Size: 0x000005e0, Max: 0xffffffff, ABSOLUTE, COMPRESSED[0x00000120])

    Exec Addr    Load Addr    Size         Type   Attr      Idx    E Section Name        Object

    0x20000000   COMPRESSED   0x0000052c   Data   RW           25    .data               main.o
    0x2000052c   COMPRESSED   0x00000014   Data   RW          412    .data               system_stm32f10x.o
    0x20000540   COMPRESSED   0x00000004   Data   RW          779    .data               myusart.o
    0x20000544   COMPRESSED   0x00000002   Data   RW          830    .data               usart3.o
    0x20000546   COMPRESSED   0x00000002   PAD
    0x20000548   COMPRESSED   0x00000004   Data   RW          922    .data               as608.o
    0x2000054c   COMPRESSED   0x00000002   Data   RW         1059    .data               usart2.o
    0x2000054e   COMPRESSED   0x00000004   Data   RW         1091    .data               delay.o
    0x20000552   COMPRESSED   0x00000002   Data   RW         1168    .data               usart.o
    0x20000554   COMPRESSED   0x00000004   Data   RW         1169    .data               usart.o
    0x20000558   COMPRESSED   0x00000014   Data   RW         1964    .data               stm32f10x_rcc.o
    0x2000056c   COMPRESSED   0x0000003c   Data   RW         2741    .data               tasks.o
    0x200005a8   COMPRESSED   0x00000014   Data   RW         3052    .data               timers.o
    0x200005bc   COMPRESSED   0x00000018   Data   RW         3160    .data               heap_4.o
    0x200005d4   COMPRESSED   0x0000000c   Data   RW         3211    .data               port.o


    Execution Region ER_ZI (Exec base: 0x200005e0, Load base: 0x080074dc, Size: 0x00006798, Max: 0xffffffff, ABSOLUTE)

    Exec Addr    Load Addr    Size         Type   Attr      Idx    E Section Name        Object

    0x200005e0        -       0x0000000c   Zero   RW           23    .bss                main.o
    0x200005ec        -       0x00000480   Zero   RW          473    .bss                oled.o
    0x20000a6c        -       0x000000c8   Zero   RW          778    .bss                myusart.o
    0x20000b34        -       0x000004b0   Zero   RW          829    .bss                usart3.o
    0x20000fe4        -       0x00000320   Zero   RW         1058    .bss                usart2.o
    0x20001304        -       0x000000c8   Zero   RW         1167    .bss                usart.o
    0x200013cc        -       0x00000040   Zero   RW         2500    .bss                queue.o
    0x2000140c        -       0x000002e4   Zero   RW         2740    .bss                tasks.o
    0x200016f0        -       0x00000028   Zero   RW         3051    .bss                timers.o
    0x20001718        -       0x00005000   Zero   RW         3159    .bss                heap_4.o
    0x20006718        -       0x00000060   Zero   RW         3497    .bss                c_w.l(libspace.o)
    0x20006778        -       0x00000200   Zero   RW         1219    HEAP                startup_stm32f10x_hd.o
    0x20006978        -       0x00000400   Zero   RW         1218    STACK               startup_stm32f10x_hd.o


==============================================================================

Image component sizes


      Code (inc. data)   RO Data    RW Data    ZI Data      Debug   Object Name

      1564        624          0          4          0       9984   as608.o
       200         20          0          4          0       2289   delay.o
       510         92          0          0          0      12615   event_groups.o
       584        138          0         24      20480       3863   heap_4.o
       526         44          0          0          0       2298   key.o
       136          0          0          0          0       2890   list.o
      2338        376         24       1324         12     277158   main.o
       144         16          0          0          0       2005   misc.o
       272         20          0          4        200       2050   myusart.o
      1564         62       8304          0       1152      13630   oled.o
       842        312          0         12          0       9821   port.o
      1832        236          0          0         64      15109   queue.o
      1562         52          0          0          0      12292   rc522.o
       156         10          0          0          0        660   server.o
        64         26        304          0       1536        784   startup_stm32f10x_hd.o
       178          0          0          0          0       3628   stm32f10x_gpio.o
        12          0          0          0          0       2341   stm32f10x_it.o
       244         40          0         20          0       5552   stm32f10x_rcc.o
       392         64          0          0          0       7338   stm32f10x_tim.o
       426         26          0          0          0       5717   stm32f10x_usart.o
         0          0          0          0          0         32   sys.o
       248         24          0         20          0       1645   system_stm32f10x.o
      3046        758          0         60        740      30132   tasks.o
       168         20          0          0          0       1134   timer.o
      1144        260          0         20         40       9314   timers.o
       286         26          0          6        200       4072   usart.o
       312         34          0          2        800       2074   usart2.o
       104         16          0          2       1200       1344   usart3.o

    ----------------------------------------------------------------------
     18886       3296       8664       1504      26424     441771   Object Totals
         0          0         32          0          0          0   (incl. Generated)
        32          0          0          2          0          0   (incl. Padding)

    ----------------------------------------------------------------------

      Code (inc. data)   RO Data    RW Data    ZI Data      Debug   Library Member Name

        24          4          0          0          0         84   __2printf.o
        44          6          0          0          0         84   __2sprintf.o
        90          0          0          0          0          0   __dczerorl2.o
         8          0          0          0          0         68   __main.o
       392          4         17          0          0         92   __printf_flags_ss_wp.o
        14          0          0          0          0         68   __printf_wp.o
         0          0          0          0          0          0   __rtentry.o
        12          0          0          0          0          0   __rtentry2.o
         6          0          0          0          0          0   __rtentry4.o
        52          8          0          0          0          0   __scatter.o
        28          0          0          0          0          0   __scatter_zi.o
        44          0          0          0          0        108   _printf_char.o
        48          6          0          0          0         96   _printf_char_common.o
        36          4          0          0          0         80   _printf_char_file.o
         6          0          0          0          0          0   _printf_d.o
       120         16          0          0          0         92   _printf_dec.o
       148          4         40          0          0        160   _printf_hex_int_ll_ptr.o
       178          0          0          0          0         88   _printf_intcommon.o
        78          0          0          0          0        108   _printf_pad.o
         0          0          0          0          0          0   _printf_percent.o
         4          0          0          0          0          0   _printf_percent_end.o
         6          0          0          0          0          0   _printf_s.o
        82          0          0          0          0         80   _printf_str.o
         6          0          0          0          0          0   _printf_x.o
        10          0          0          0          0         68   _sputc.o
        16          0          0          0          0         68   aeabi_memset.o
        18          0          0          0          0         80   exit.o
         8          0          0          0          0         68   ferror.o
         6          0          0          0          0        152   heapauxi.o
         2          0          0          0          0          0   libinit.o
         2          0          0          0          0          0   libinit2.o
         2          0          0          0          0          0   libshutdown.o
         2          0          0          0          0          0   libshutdown2.o
         8          4          0          0         96         68   libspace.o
        68          0          0          0          0         68   rt_memclr.o
        78          0          0          0          0         80   rt_memclr_w.o
       138          0          0          0          0         68   rt_memcpy_v6.o
       100          0          0          0          0         80   rt_memcpy_w.o
         2          0          0          0          0          0   rtexit.o
        10          0          0          0          0          0   rtexit2.o
        36          0          0          0          0         80   strstr.o
        74          0          0          0          0         80   sys_stackheap_outer.o
         2          0          0          0          0         68   use_no_semi.o
         2          0          0          0          0         68   use_no_semi_2.o

    ----------------------------------------------------------------------
      2018         56         60          0         96       2304   Library Totals
         8          0          3          0          0          0   (incl. Padding)

    ----------------------------------------------------------------------

      Code (inc. data)   RO Data    RW Data    ZI Data      Debug   Library Name

      2010         56         57          0         96       2304   c_w.l

    ----------------------------------------------------------------------
      2018         56         60          0         96       2304   Library Totals

    ----------------------------------------------------------------------

==============================================================================


      Code (inc. data)   RO Data    RW Data    ZI Data      Debug   

     20904       3352       8724       1504      26520     433203   Grand Totals
     20904       3352       8724        288      26520     433203   ELF Image Totals (compressed)
     20904       3352       8724        288          0          0   ROM Totals

==============================================================================

    Total RO  Size (Code + RO Data)                29628 (  28.93kB)
    Total RW  Size (RW Data + ZI Data)             28024 (  27.37kB)
    Total ROM Size (Code + RO Data + RW Data)      29916 (  29.21kB)

==============================================================================

